Archive member included because of file (symbol)

/home/bo/4418SC/bb/prebuilts/gcc/linux-x86/arm/arm-eabi-4.6/bin/../lib/gcc/arm-eabi/4.6.x-google/libgcc.a(_udivsi3.o)
                              arch/arm/cpu/slsiap/built-in.o (__aeabi_uidiv)
/home/bo/4418SC/bb/prebuilts/gcc/linux-x86/arm/arm-eabi-4.6/bin/../lib/gcc/arm-eabi/4.6.x-google/libgcc.a(_divsi3.o)
                              arch/arm/cpu/slsiap/built-in.o (__aeabi_idiv)
/home/bo/4418SC/bb/prebuilts/gcc/linux-x86/arm/arm-eabi-4.6/bin/../lib/gcc/arm-eabi/4.6.x-google/libgcc.a(_dvmd_tls.o)
                              /home/bo/4418SC/bb/prebuilts/gcc/linux-x86/arm/arm-eabi-4.6/bin/../lib/gcc/arm-eabi/4.6.x-google/libgcc.a(_udivsi3.o) (__aeabi_idiv0)
/home/bo/4418SC/bb/prebuilts/gcc/linux-x86/arm/arm-eabi-4.6/bin/../lib/gcc/arm-eabi/4.6.x-google/libgcc.a(_lshrdi3.o)
                              fs/built-in.o (__aeabi_llsr)
/home/bo/4418SC/bb/prebuilts/gcc/linux-x86/arm/arm-eabi-4.6/bin/../lib/gcc/arm-eabi/4.6.x-google/libgcc.a(_ashldi3.o)
                              drivers/mmc/built-in.o (__aeabi_llsl)
/home/bo/4418SC/bb/prebuilts/gcc/linux-x86/arm/arm-eabi-4.6/bin/../lib/gcc/arm-eabi/4.6.x-google/libgcc.a(_aeabi_uldivmod.o)
                              arch/arm/cpu/slsiap/built-in.o (__aeabi_uldivmod)
/home/bo/4418SC/bb/prebuilts/gcc/linux-x86/arm/arm-eabi-4.6/bin/../lib/gcc/arm-eabi/4.6.x-google/libgcc.a(bpabi.o)
                              /home/bo/4418SC/bb/prebuilts/gcc/linux-x86/arm/arm-eabi-4.6/bin/../lib/gcc/arm-eabi/4.6.x-google/libgcc.a(_aeabi_uldivmod.o) (__gnu_uldivmod_helper)
/home/bo/4418SC/bb/prebuilts/gcc/linux-x86/arm/arm-eabi-4.6/bin/../lib/gcc/arm-eabi/4.6.x-google/libgcc.a(_divdi3.o)
                              /home/bo/4418SC/bb/prebuilts/gcc/linux-x86/arm/arm-eabi-4.6/bin/../lib/gcc/arm-eabi/4.6.x-google/libgcc.a(bpabi.o) (__divdi3)
/home/bo/4418SC/bb/prebuilts/gcc/linux-x86/arm/arm-eabi-4.6/bin/../lib/gcc/arm-eabi/4.6.x-google/libgcc.a(_udivdi3.o)
                              /home/bo/4418SC/bb/prebuilts/gcc/linux-x86/arm/arm-eabi-4.6/bin/../lib/gcc/arm-eabi/4.6.x-google/libgcc.a(bpabi.o) (__udivdi3)

Discarded input sections

 .data          0x0000000000000000        0x0 arch/arm/cpu/slsiap/s5p4418/start.o
 .bss           0x0000000000000000        0x0 arch/arm/cpu/slsiap/s5p4418/start.o
 .data          0x0000000000000000        0x0 arch/arm/cpu/slsiap/s5p4418/vectors.o
 .bss           0x0000000000000000        0x0 arch/arm/cpu/slsiap/s5p4418/vectors.o
 .text          0x0000000000000000        0x0 arch/arm/cpu/slsiap/start.o
 .data          0x0000000000000000        0x0 arch/arm/cpu/slsiap/start.o
 .bss           0x0000000000000000        0x0 arch/arm/cpu/slsiap/start.o
 .text          0x0000000000000000        0x0 arch/arm/cpu/slsiap/built-in.o
 .text.raise    0x0000000000000000       0x1c arch/arm/cpu/slsiap/built-in.o
 .text.__aeabi_unwind_cpp_pr1
                0x0000000000000000        0x4 arch/arm/cpu/slsiap/built-in.o
 .text.logo_get_logo_bmp_addr
                0x0000000000000000       0x10 arch/arm/cpu/slsiap/built-in.o
 .text.lcd_set_back_color
                0x0000000000000000       0x10 arch/arm/cpu/slsiap/built-in.o
 .text.lcd_set_alphablend
                0x0000000000000000       0x10 arch/arm/cpu/slsiap/built-in.o
 .text.lcd_set_text_color
                0x0000000000000000       0x10 arch/arm/cpu/slsiap/built-in.o
 .text.lcd_line_horizontal
                0x0000000000000000       0x90 arch/arm/cpu/slsiap/built-in.o
 .text.lcd_line_vertical
                0x0000000000000000       0x90 arch/arm/cpu/slsiap/built-in.o
 .text.ResetCon
                0x0000000000000000       0x2c arch/arm/cpu/slsiap/built-in.o
 .text.f_lcd_start
                0x0000000000000000        0x4 arch/arm/cpu/slsiap/built-in.o
 .text.f_lcd_stop
                0x0000000000000000        0x4 arch/arm/cpu/slsiap/built-in.o
 .text.f_lcd_part
                0x0000000000000000        0x4 arch/arm/cpu/slsiap/built-in.o
 .text.f_lcd_flash
                0x0000000000000000        0x4 arch/arm/cpu/slsiap/built-in.o
 .text.f_lcd_down
                0x0000000000000000        0x4 arch/arm/cpu/slsiap/built-in.o
 .text.f_lcd_status
                0x0000000000000000        0x4 arch/arm/cpu/slsiap/built-in.o
 .text.set_write_raw_chunk_cb
                0x0000000000000000       0x14 arch/arm/cpu/slsiap/built-in.o
 .data          0x0000000000000000        0x0 arch/arm/cpu/slsiap/built-in.o
 .bss           0x0000000000000000        0x0 arch/arm/cpu/slsiap/built-in.o
 .text.clk_get_sys
                0x0000000000000000       0x30 arch/arm/cpu/slsiap/s5p4418/built-in.o
 .text.clk_put  0x0000000000000000        0x4 arch/arm/cpu/slsiap/s5p4418/built-in.o
 .text.set_timer
                0x0000000000000000       0x10 arch/arm/cpu/slsiap/s5p4418/built-in.o
 .text.reset_timer
                0x0000000000000000        0x4 arch/arm/cpu/slsiap/s5p4418/built-in.o
 .text.udelay_masked
[...]
Memory Configuration

Name             Origin             Length             Attributes
*default*        0x0000000000000000 0xffffffffffffffff

Linker script and memory map

Address of section .text set to 0x42c00000
                0x0000000000000000                . = 0x0
                0x0000000000000000                . = ALIGN (0x4)

.text           0x0000000042c00000    0x33348
 *(.__image_copy_start)
 .__image_copy_start
                0x0000000042c00000        0x0 arch/arm/lib/built-in.o
                0x0000000042c00000                __image_copy_start
 arch/arm/cpu/slsiap/s5p4418/start.o(.text*)
 .text          0x0000000042c00000      0x180 arch/arm/cpu/slsiap/s5p4418/start.o
                0x0000000042c00000                _stext
                0x0000000042c00040                TEXT_BASE
                0x0000000042c00044                _bss_start_ofs
                0x0000000042c00048                _bss_end_ofs
                0x0000000042c0004c                _end_ofs
                0x0000000042c00050                reset
                0x0000000042c00110                c_runtime_cpu_setup
                0x0000000042c00128                save_boot_params
                0x0000000042c0012c                cpu_init_cp15
                0x0000000042c00164                cpu_init_crit
 arch/arm/cpu/slsiap/s5p4418/vectors.o(.text*)
 .text          0x0000000042c00180      0x2c0 arch/arm/cpu/slsiap/s5p4418/vectors.o
                0x0000000042c00180                _IRQ_STACK_START_IN_
                0x0000000042c001a0                undefined_instruction
                0x0000000042c00200                software_interrupt
                0x0000000042c00260                prefetch_abort
                0x0000000042c002c0                data_abort
                0x0000000042c00320                not_used
                0x0000000042c00380                irq
                0x0000000042c003e0                fiq
 *(.text*)
 .text.__aeabi_unwind_cpp_pr0
                0x0000000042c00440        0x4 arch/arm/cpu/slsiap/built-in.o
                0x0000000042c00440                __aeabi_unwind_cpp_pr0
 .text.do_goImage
                0x0000000042c00444      0x150 arch/arm/cpu/slsiap/built-in.o
                0x0000000042c00444                do_goImage
 .text.do_new_cmd
                0x0000000042c00594       0xf4 arch/arm/cpu/slsiap/built-in.o
                0x0000000042c00594                do_new_cmd
 .text.PutPixel555To565
                0x0000000042c00688       0x28 arch/arm/cpu/slsiap/built-in.o
 .text.PutPixel565To888
                0x0000000042c006b0       0x44 arch/arm/cpu/slsiap/built-in.o
 .text.PutPixel565To8888
                0x0000000042c006f4       0x48 arch/arm/cpu/slsiap/built-in.o
 .text.PutPixel888To565
                0x0000000042c0073c       0x60 arch/arm/cpu/slsiap/built-in.o
 .text.PutPixel888To888
                0x0000000042c0079c       0x58 arch/arm/cpu/slsiap/built-in.o
 .text.PutPixel888To8888
                0x0000000042c007f4       0x28 arch/arm/cpu/slsiap/built-in.o
 .text.do_drawtext
                0x0000000042c0081c       0xf4 arch/arm/cpu/slsiap/built-in.o
                0x0000000042c0081c                do_drawtext
 .text.lcd_set_logo_bmp_addr
                0x0000000042c00910       0x10 arch/arm/cpu/slsiap/built-in.o
                0x0000000042c00910                lcd_set_logo_bmp_addr
 .text.lcd_draw_boot_logo
                0x0000000042c00920      0x940 arch/arm/cpu/slsiap/built-in.o
                0x0000000042c00920                lcd_draw_boot_logo
 .text.do_drawbmp
                0x0000000042c01260       0x6c arch/arm/cpu/slsiap/built-in.o
                0x0000000042c01260                do_drawbmp
 .text.do_loadbmp
                0x0000000042c012cc      0x1b4 arch/arm/cpu/slsiap/built-in.o
 .text.ALPHAPixel888To565
                0x0000000042c01480       0x44 arch/arm/cpu/slsiap/built-in.o
 .text.ALPHAPixel888To888
                0x0000000042c014c4       0x44 arch/arm/cpu/slsiap/built-in.o
 .text.ALPHAPixel888To8888
                0x0000000042c01508       0x1c arch/arm/cpu/slsiap/built-in.o
 .text.lcd_draw_text_eng0816
                0x0000000042c01524      0x1d0 arch/arm/cpu/slsiap/built-in.o
 .text.lcd_debug_init
                0x0000000042c016f4      0x148 arch/arm/cpu/slsiap/built-in.o
                0x0000000042c016f4                lcd_debug_init
 .text.lcd_fill_rectangle
                0x0000000042c0183c       0xac arch/arm/cpu/slsiap/built-in.o
                0x0000000042c0183c                lcd_fill_rectangle
 .text.lcd_draw_text
                0x0000000042c018e8       0x2c arch/arm/cpu/slsiap/built-in.o
                0x0000000042c018e8                lcd_draw_text
 .text.lcd_draw_string
                0x0000000042c01914      0x1bc arch/arm/cpu/slsiap/built-in.o
                0x0000000042c01914                lcd_draw_string
 .text.CalUSBID
                0x0000000042c01ad0       0x24 arch/arm/cpu/slsiap/built-in.o
                0x0000000042c01ad0                CalUSBID
 .text.GetUSBID
                0x0000000042c01af4       0x10 arch/arm/cpu/slsiap/built-in.o
                0x0000000042c01af4                GetUSBID
 .text.nx_usb_write_in_fifo
                0x0000000042c01b04       0x40 arch/arm/cpu/slsiap/built-in.o
 .text.nx_udc_int_hndlr
                0x0000000042c01b44      0x70c arch/arm/cpu/slsiap/built-in.o
 .text.iUSBBOOT
                0x0000000042c02250      0x260 arch/arm/cpu/slsiap/built-in.o
                0x0000000042c02250                iUSBBOOT
 .text.do_usbdown
                0x0000000042c024b0       0x80 arch/arm/cpu/slsiap/built-in.o
                0x0000000042c024b0                do_usbdown
 .text.mmc_get_part_table_extended
                0x0000000042c02530      0x1c4 arch/arm/cpu/slsiap/built-in.o
 .text.mmc_get_part_table
                0x0000000042c026f4       0x44 arch/arm/cpu/slsiap/built-in.o
                0x0000000042c026f4                mmc_get_part_table
 .text.mmc_make_part_table_extended
                0x0000000042c02738      0x24c arch/arm/cpu/slsiap/built-in.o
                0x0000000042c02738                mmc_make_part_table_extended
 .text.mmc_make_part_table
                0x0000000042c02984      0x3f4 arch/arm/cpu/slsiap/built-in.o
                0x0000000042c02984                mmc_make_part_table
 .text.do_fdisk
                0x0000000042c02d78      0x140 arch/arm/cpu/slsiap/built-in.o
 .text.fboot_reset_handler
                0x0000000042c02eb8       0x30 arch/arm/cpu/slsiap/built-in.o
 .text.part_mbr_update
                0x0000000042c02ee8      0x25c arch/arm/cpu/slsiap/built-in.o
 .text.part_lists_print
                0x0000000042c03144      0x140 arch/arm/cpu/slsiap/built-in.o
 .text.mmc_make_parts
                0x0000000042c03284       0xa0 arch/arm/cpu/slsiap/built-in.o
 .text.mmc_part_capacity
                0x0000000042c03324       0xdc arch/arm/cpu/slsiap/built-in.o
 .text.mmc_check_part_table
                0x0000000042c03400       0xd8 arch/arm/cpu/slsiap/built-in.o
 .text.mmc_part_write
                0x0000000042c034d8      0x3e4 arch/arm/cpu/slsiap/built-in.o
 .text.part_lists_make
                0x0000000042c038bc      0x2b4 arch/arm/cpu/slsiap/built-in.o
 .text.do_fastboot
                0x0000000042c03b70      0x630 arch/arm/cpu/slsiap/built-in.o
 .text.parse_part_fs
                0x0000000042c041a0      0x18c arch/arm/cpu/slsiap/built-in.o
 .text.parse_part_address
                0x0000000042c0432c      0x240 arch/arm/cpu/slsiap/built-in.o
 .text.parse_part_partition
                0x0000000042c0456c      0x22c arch/arm/cpu/slsiap/built-in.o
 .text.parse_part_device
                0x0000000042c04798      0x2c8 arch/arm/cpu/slsiap/built-in.o
 .text.fboot_response
                0x0000000042c04a60       0x38 arch/arm/cpu/slsiap/built-in.o
 .text.fboot_rx_handler
                0x0000000042c04a98      0x2ac arch/arm/cpu/slsiap/built-in.o
 .text.fboot_cmd_oem
                0x0000000042c04d44       0x50 arch/arm/cpu/slsiap/built-in.o
 .text.fboot_cmd_erase
                0x0000000042c04d94       0x58 arch/arm/cpu/slsiap/built-in.o
 .text.fboot_cmd_format
                0x0000000042c04dec       0x58 arch/arm/cpu/slsiap/built-in.o
 .text.fboot_cmd_boot
                0x0000000042c04e44       0x58 arch/arm/cpu/slsiap/built-in.o
 .text.fboot_cmd_download
                0x0000000042c04e9c      0x138 arch/arm/cpu/slsiap/built-in.o
 .text.fboot_cmd_getvar
                0x0000000042c04fd4      0x3cc arch/arm/cpu/slsiap/built-in.o
 .text.fboot_cmd_reboot
                0x0000000042c053a0       0x3c arch/arm/cpu/slsiap/built-in.o
 .text.fboot_cmd_flash
                0x0000000042c053dc      0x780 arch/arm/cpu/slsiap/built-in.o
 .text.fboot_usb_descriptor
                0x0000000042c05b5c       0x98 arch/arm/cpu/slsiap/built-in.o
                0x0000000042c05b5c                fboot_usb_descriptor
 .text.otg_bind_check
                0x0000000042c05bf4       0x6c arch/arm/cpu/slsiap/built-in.o
                0x0000000042c05bf4                otg_bind_check
 .text.do_update_mmc
                0x0000000042c05c60      0x458 arch/arm/cpu/slsiap/built-in.o
                0x0000000042c05c60                do_update_mmc
 .text.update_sdcard_get_string.constprop.0
                0x0000000042c060b8       0xc8 arch/arm/cpu/slsiap/built-in.o
 .text.update_sd_do_load
                0x0000000042c06180      0x1d8 arch/arm/cpu/slsiap/built-in.o
                0x0000000042c06180                update_sd_do_load
 .text.do_update_sdcard
                0x0000000042c06358      0x9a8 arch/arm/cpu/slsiap/built-in.o
 .text.write_raw_chunk
                0x0000000042c06d00       0x40 arch/arm/cpu/slsiap/built-in.o
 .text.check_compress_ext4
                0x0000000042c06d40       0xec arch/arm/cpu/slsiap/built-in.o
                0x0000000042c06d40                check_compress_ext4
 .text.write_compressed_ext4
                0x0000000042c06e2c       0x9c arch/arm/cpu/slsiap/built-in.o
                0x0000000042c06e2c                write_compressed_ext4
 .text          0x0000000042c06ec8       0xc0 arch/arm/cpu/slsiap/s5p4418/built-in.o
                0x0000000042c06ec8                lowlevel_init
                0x0000000042c06f18                mmu_turn_on
                0x0000000042c06f28                enable_mmu
                0x0000000042c06f70                disable_mmu
 .text.cpu_cache_initialization
                0x0000000042c06f88        0x4 arch/arm/cpu/slsiap/s5p4418/built-in.o
                0x0000000042c06f88                cpu_cache_initialization
 .text.cleanup_before_linux
                0x0000000042c06f8c       0x28 arch/arm/cpu/slsiap/s5p4418/built-in.o
                0x0000000042c06f8c                cleanup_before_linux
 .text.enable_caches
                0x0000000042c06fb4        0x4 arch/arm/cpu/slsiap/s5p4418/built-in.o
                0x0000000042c06fb4                enable_caches
 .text.arch_cpu_init
                0x0000000042c06fb8       0x48 arch/arm/cpu/slsiap/s5p4418/built-in.o
                0x0000000042c06fb8                arch_cpu_init
 .text.print_cpuinfo
                0x0000000042c07000       0x10 arch/arm/cpu/slsiap/s5p4418/built-in.o
                0x0000000042c07000                print_cpuinfo
 .text.dram_init
                0x0000000042c07010       0x10 arch/arm/cpu/slsiap/s5p4418/built-in.o
                0x0000000042c07010                dram_init
 .text.dram_init_banksize
                0x0000000042c07020       0x38 arch/arm/cpu/slsiap/s5p4418/built-in.o
                0x0000000042c07020                dram_init_banksize
 .text.gdt_reset
                0x0000000042c07058      0x14c arch/arm/cpu/slsiap/s5p4418/built-in.o
                0x0000000042c07058                gdt_reset
 .text.arch_misc_init
                0x0000000042c071a4        0x8 arch/arm/cpu/slsiap/s5p4418/built-in.o
                0x0000000042c071a4                arch_misc_init
 .text.arch_preboot_os
                0x0000000042c071ac        0x4 arch/arm/cpu/slsiap/s5p4418/built-in.o
                0x0000000042c071ac                arch_preboot_os
 .text.nxp_cpu_periph_init
                0x0000000042c071b0       0x54 arch/arm/cpu/slsiap/s5p4418/built-in.o
                0x0000000042c071b0                nxp_cpu_periph_init
 .text.nxp_cpu_arch_init
                0x0000000042c07204      0x170 arch/arm/cpu/slsiap/s5p4418/built-in.o
                0x0000000042c07204                nxp_cpu_arch_init
 .text.nxp_cpu_version
                0x0000000042c07374       0x24 arch/arm/cpu/slsiap/s5p4418/built-in.o
                0x0000000042c07374                nxp_cpu_version
 .text.nxp_print_cpu_info
                0x0000000042c07398        0x4 arch/arm/cpu/slsiap/s5p4418/built-in.o
                0x0000000042c07398                nxp_print_cpu_info
 .text.pll_get_div
                0x0000000042c0739c       0x44 arch/arm/cpu/slsiap/s5p4418/built-in.o
 .text.pll_get_rate.constprop.3
                0x0000000042c073e0       0x84 arch/arm/cpu/slsiap/s5p4418/built-in.o
 .text.clk_get  0x0000000042c07464       0xb4 arch/arm/cpu/slsiap/s5p4418/built-in.o
                0x0000000042c07464                clk_get
 .text.clk_get_rate
                0x0000000042c07518       0x14 arch/arm/cpu/slsiap/s5p4418/built-in.o
                0x0000000042c07518                clk_get_rate
 .text.clk_enable
                0x0000000042c0752c      0x100 arch/arm/cpu/slsiap/s5p4418/built-in.o
                0x0000000042c0752c                clk_enable
 .text.clk_disable
                0x0000000042c0762c       0x90 arch/arm/cpu/slsiap/s5p4418/built-in.o
                0x0000000042c0762c                clk_disable
 .text.nxp_cpu_clock_hz
                0x0000000042c076bc       0xec arch/arm/cpu/slsiap/s5p4418/built-in.o
                0x0000000042c076bc                nxp_cpu_clock_hz
 .text.clk_round_rate
                0x0000000042c077a8      0x2c4 arch/arm/cpu/slsiap/s5p4418/built-in.o
                0x0000000042c077a8                clk_round_rate
 .text.clk_set_rate
                0x0000000042c07a6c       0xbc arch/arm/cpu/slsiap/s5p4418/built-in.o
                0x0000000042c07a6c                clk_set_rate
 .text.nxp_cpu_clock_init
                0x0000000042c07b28      0x458 arch/arm/cpu/slsiap/s5p4418/built-in.o
                0x0000000042c07b28                nxp_cpu_clock_init
 .text.nxp_cpu_clock_print
                0x0000000042c07f80      0x480 arch/arm/cpu/slsiap/s5p4418/built-in.o
                0x0000000042c07f80                nxp_cpu_clock_print
 .text.reset_cpu
                0x0000000042c08400       0x14 arch/arm/cpu/slsiap/s5p4418/built-in.o
                0x0000000042c08400                reset_cpu
 .text.timer_start
                0x0000000042c08414      0x10c arch/arm/cpu/slsiap/s5p4418/built-in.o
                0x0000000042c08414                timer_start
 .text.timer_stop
                0x0000000042c08520       0x90 arch/arm/cpu/slsiap/s5p4418/built-in.o
                0x0000000042c08520                timer_stop
 .text.reset_timer_masked
                0x0000000042c085b0       0x6c arch/arm/cpu/slsiap/s5p4418/built-in.o
                0x0000000042c085b0                reset_timer_masked
 .text.timer_init
                0x0000000042c0861c      0x2a4 arch/arm/cpu/slsiap/s5p4418/built-in.o
                0x0000000042c0861c                timer_init
 .text.get_timer_masked
                0x0000000042c088c0       0x60 arch/arm/cpu/slsiap/s5p4418/built-in.o
                0x0000000042c088c0                get_timer_masked
 .text.get_timer
                0x0000000042c08920       0x24 arch/arm/cpu/slsiap/s5p4418/built-in.o
                0x0000000042c08920                get_timer
 .text.__udelay
                0x0000000042c08944       0x90 arch/arm/cpu/slsiap/s5p4418/built-in.o
                0x0000000042c08944                __udelay
 .text.get_ticks
                0x0000000042c089d4       0x10 arch/arm/cpu/slsiap/s5p4418/built-in.o
                0x0000000042c089d4                get_ticks
 .text.get_tbclk
                0x0000000042c089e4       0x10 arch/arm/cpu/slsiap/s5p4418/built-in.o
                0x0000000042c089e4                get_tbclk
 .text.i2c_gpio_init
                0x0000000042c089f4       0x64 arch/arm/cpu/slsiap/s5p4418/built-in.o
                0x0000000042c089f4                i2c_gpio_init
 .text.v7_maint_dcache_all
                0x0000000042c08a58       0xe8 arch/arm/cpu/slsiap/s5p4418/built-in.o
 .text.v7_dcache_maint_range
                0x0000000042c08b40       0xc8 arch/arm/cpu/slsiap/s5p4418/built-in.o
 .text.invalidate_icache_all
                0x0000000042c08c08       0x18 arch/arm/cpu/slsiap/s5p4418/built-in.o
                0x0000000042c08c08                invalidate_icache_all
 .text.v7_outer_cache_enable
                0x0000000042c08c20        0x4 arch/arm/cpu/slsiap/s5p4418/built-in.o
                0x0000000042c08c20                v7_outer_cache_enable
 .text.v7_outer_cache_disable
                0x0000000042c08c24        0x4 arch/arm/cpu/slsiap/s5p4418/built-in.o
                0x0000000042c08c24                v7_outer_cache_disable
 .text.v7_outer_cache_flush_all
                0x0000000042c08c28        0x4 arch/arm/cpu/slsiap/s5p4418/built-in.o
                0x0000000042c08c28                v7_outer_cache_flush_all
 .text.flush_dcache_all
                0x0000000042c08c2c       0x14 arch/arm/cpu/slsiap/s5p4418/built-in.o
                0x0000000042c08c2c                flush_dcache_all
 .text.v7_outer_cache_inval_all
                0x0000000042c08c40        0x4 arch/arm/cpu/slsiap/s5p4418/built-in.o
                0x0000000042c08c40                v7_outer_cache_inval_all
 .text.invalidate_dcache_all
                0x0000000042c08c44       0x14 arch/arm/cpu/slsiap/s5p4418/built-in.o
                0x0000000042c08c44                invalidate_dcache_all
 .text.arm_init_before_mmu
                0x0000000042c08c58       0x28 arch/arm/cpu/slsiap/s5p4418/built-in.o
                0x0000000042c08c58                arm_init_before_mmu
 .text.v7_outer_cache_flush_range
                0x0000000042c08c80        0x4 arch/arm/cpu/slsiap/s5p4418/built-in.o
                0x0000000042c08c80                v7_outer_cache_flush_range
 .text.flush_dcache_range
                0x0000000042c08c84       0x24 arch/arm/cpu/slsiap/s5p4418/built-in.o
                0x0000000042c08c84                flush_dcache_range
 .text.flush_cache
                0x0000000042c08ca8        0x8 arch/arm/cpu/slsiap/s5p4418/built-in.o
                0x0000000042c08ca8                flush_cache
 .text.mmu_page_table_flush
                0x0000000042c08cb0       0x24 arch/arm/cpu/slsiap/s5p4418/built-in.o
                0x0000000042c08cb0                mmu_page_table_flush
 .text.mmu_on   0x0000000042c08cd4      0x198 arch/arm/cpu/slsiap/s5p4418/built-in.o
                0x0000000042c08cd4                mmu_on
 .text.NX_RSTCON_Initialize
                0x0000000042c08e6c        0x8 arch/arm/cpu/slsiap/s5p4418/built-in.o
                0x0000000042c08e6c                NX_RSTCON_Initialize
 .text.NX_RSTCON_GetPhysicalAddress
                0x0000000042c08e74        0xc arch/arm/cpu/slsiap/s5p4418/built-in.o
                0x0000000042c08e74                NX_RSTCON_GetPhysicalAddress
 .text.NX_RSTCON_SetBaseAddress
                0x0000000042c08e80       0x10 arch/arm/cpu/slsiap/s5p4418/built-in.o
                0x0000000042c08e80                NX_RSTCON_SetBaseAddress
 .text.NX_RSTCON_SetnRST
                0x0000000042c08e90       0x34 arch/arm/cpu/slsiap/s5p4418/built-in.o
                0x0000000042c08e90                NX_RSTCON_SetnRST
 .text.NX_RSTCON_SetRST
                0x0000000042c08ec4       0x34 arch/arm/cpu/slsiap/s5p4418/built-in.o
                0x0000000042c08ec4                NX_RSTCON_SetRST
 .text.NX_RSTCON_GetnRST
                0x0000000042c08ef8       0x24 arch/arm/cpu/slsiap/s5p4418/built-in.o
                0x0000000042c08ef8                NX_RSTCON_GetnRST
 .text.NX_CLKGEN_Initialize
                0x0000000042c08f1c       0x40 arch/arm/cpu/slsiap/s5p4418/built-in.o
                0x0000000042c08f1c                NX_CLKGEN_Initialize
 .text.NX_CLKGEN_GetNumberOfModule
                0x0000000042c08f5c        0x8 arch/arm/cpu/slsiap/s5p4418/built-in.o
                0x0000000042c08f5c                NX_CLKGEN_GetNumberOfModule
 .text.NX_CLKGEN_GetPhysicalAddress
                0x0000000042c08f64       0x10 arch/arm/cpu/slsiap/s5p4418/built-in.o
                0x0000000042c08f64                NX_CLKGEN_GetPhysicalAddress
 .text.NX_CLKGEN_SetBaseAddress
                0x0000000042c08f74       0x10 arch/arm/cpu/slsiap/s5p4418/built-in.o
                0x0000000042c08f74                NX_CLKGEN_SetBaseAddress
 .text.NX_CLKPWR_Initialize
                0x0000000042c08f84       0x2c arch/arm/cpu/slsiap/s5p4418/built-in.o
                0x0000000042c08f84                NX_CLKPWR_Initialize
 .text.NX_CLKPWR_GetPhysicalAddress
                0x0000000042c08fb0        0xc arch/arm/cpu/slsiap/s5p4418/built-in.o
                0x0000000042c08fb0                NX_CLKPWR_GetPhysicalAddress
 .text.NX_CLKPWR_SetBaseAddress
                0x0000000042c08fbc       0x10 arch/arm/cpu/slsiap/s5p4418/built-in.o
                0x0000000042c08fbc                NX_CLKPWR_SetBaseAddress
 .text.NX_CLKPWR_OpenModule
                0x0000000042c08fcc        0x8 arch/arm/cpu/slsiap/s5p4418/built-in.o
                0x0000000042c08fcc                NX_CLKPWR_OpenModule
 .text.NX_CLKPWR_SetSoftwareResetEnable
                0x0000000042c08fd4       0x20 arch/arm/cpu/slsiap/s5p4418/built-in.o
                0x0000000042c08fd4                NX_CLKPWR_SetSoftwareResetEnable
 .text.NX_CLKPWR_DoSoftwareReset
                0x0000000042c08ff4       0x18 arch/arm/cpu/slsiap/s5p4418/built-in.o
                0x0000000042c08ff4                NX_CLKPWR_DoSoftwareReset
 .text.NX_MCUS_Initialize
                0x0000000042c0900c       0x2c arch/arm/cpu/slsiap/s5p4418/built-in.o
                0x0000000042c0900c                NX_MCUS_Initialize
 .text.NX_MCUS_GetPhysicalAddress
                0x0000000042c09038        0xc arch/arm/cpu/slsiap/s5p4418/built-in.o
                0x0000000042c09038                NX_MCUS_GetPhysicalAddress
 .text.NX_MCUS_SetBaseAddress
                0x0000000042c09044       0x10 arch/arm/cpu/slsiap/s5p4418/built-in.o
                0x0000000042c09044                NX_MCUS_SetBaseAddress
 .text.NX_MCUS_OpenModule
                0x0000000042c09054        0x8 arch/arm/cpu/slsiap/s5p4418/built-in.o
                0x0000000042c09054                NX_MCUS_OpenModule
 .text.NX_MCUS_SetStaticBUSConfig
                0x0000000042c0905c      0x190 arch/arm/cpu/slsiap/s5p4418/built-in.o
                0x0000000042c0905c                NX_MCUS_SetStaticBUSConfig
 .text.NX_ALIVE_Initialize
                0x0000000042c091ec       0x2c arch/arm/cpu/slsiap/s5p4418/built-in.o
                0x0000000042c091ec                NX_ALIVE_Initialize
 .text.NX_ALIVE_GetPhysicalAddress
                0x0000000042c09218        0xc arch/arm/cpu/slsiap/s5p4418/built-in.o
                0x0000000042c09218                NX_ALIVE_GetPhysicalAddress
 .text.NX_ALIVE_SetBaseAddress
                0x0000000042c09224       0x10 arch/arm/cpu/slsiap/s5p4418/built-in.o
                0x0000000042c09224                NX_ALIVE_SetBaseAddress
 .text.NX_ALIVE_OpenModule
                0x0000000042c09234        0x8 arch/arm/cpu/slsiap/s5p4418/built-in.o
                0x0000000042c09234                NX_ALIVE_OpenModule
 .text.NX_ALIVE_ClearInterruptPending
                0x0000000042c0923c       0x1c arch/arm/cpu/slsiap/s5p4418/built-in.o
                0x0000000042c0923c                NX_ALIVE_ClearInterruptPending
 .text.NX_ALIVE_SetWriteEnable
                0x0000000042c09258       0x14 arch/arm/cpu/slsiap/s5p4418/built-in.o
                0x0000000042c09258                NX_ALIVE_SetWriteEnable
 .text.NX_ALIVE_SetPullUpEnable
                0x0000000042c0926c       0x24 arch/arm/cpu/slsiap/s5p4418/built-in.o
                0x0000000042c0926c                NX_ALIVE_SetPullUpEnable
 .text.NX_ALIVE_SetDetectEnable
                0x0000000042c09290       0x24 arch/arm/cpu/slsiap/s5p4418/built-in.o
                0x0000000042c09290                NX_ALIVE_SetDetectEnable
 .text.NX_ALIVE_SetDetectMode
                0x0000000042c092b4       0xc0 arch/arm/cpu/slsiap/s5p4418/built-in.o
                0x0000000042c092b4                NX_ALIVE_SetDetectMode
 .text.NX_ALIVE_SetOutputEnable
                0x0000000042c09374       0x24 arch/arm/cpu/slsiap/s5p4418/built-in.o
                0x0000000042c09374                NX_ALIVE_SetOutputEnable
 .text.NX_ALIVE_SetOutputValue
                0x0000000042c09398       0x24 arch/arm/cpu/slsiap/s5p4418/built-in.o
                0x0000000042c09398                NX_ALIVE_SetOutputValue
 .text.NX_ALIVE_GetInputValue
                0x0000000042c093bc       0x1c arch/arm/cpu/slsiap/s5p4418/built-in.o
                0x0000000042c093bc                NX_ALIVE_GetInputValue
 .text.NX_GPIO_SetBit
                0x0000000042c093d8       0x18 arch/arm/cpu/slsiap/s5p4418/built-in.o
                0x0000000042c093d8                NX_GPIO_SetBit
 .text.NX_GPIO_SetBit2
                0x0000000042c093f0       0x1c arch/arm/cpu/slsiap/s5p4418/built-in.o
                0x0000000042c093f0                NX_GPIO_SetBit2
 .text.NX_GPIO_Initialize
                0x0000000042c0940c       0x80 arch/arm/cpu/slsiap/s5p4418/built-in.o
                0x0000000042c0940c                NX_GPIO_Initialize
 .text.NX_GPIO_GetNumberOfModule
                0x0000000042c0948c        0x8 arch/arm/cpu/slsiap/s5p4418/built-in.o
                0x0000000042c0948c                NX_GPIO_GetNumberOfModule
 .text.NX_GPIO_GetPhysicalAddress
                0x0000000042c09494       0x10 arch/arm/cpu/slsiap/s5p4418/built-in.o
                0x0000000042c09494                NX_GPIO_GetPhysicalAddress
 .text.NX_GPIO_SetBaseAddress
                0x0000000042c094a4       0x10 arch/arm/cpu/slsiap/s5p4418/built-in.o
                0x0000000042c094a4                NX_GPIO_SetBaseAddress
 .text.NX_GPIO_OpenModule
                0x0000000042c094b4        0x8 arch/arm/cpu/slsiap/s5p4418/built-in.o
                0x0000000042c094b4                NX_GPIO_OpenModule
 .text.NX_GPIO_ClearInterruptPendingAll
                0x0000000042c094bc       0x18 arch/arm/cpu/slsiap/s5p4418/built-in.o
                0x0000000042c094bc                NX_GPIO_ClearInterruptPendingAll
 .text.NX_GPIO_SetInterruptMode
                0x0000000042c094d4       0x44 arch/arm/cpu/slsiap/s5p4418/built-in.o
                0x0000000042c094d4                NX_GPIO_SetInterruptMode
 .text.NX_GPIO_SetOutputEnable
                0x0000000042c09518       0x14 arch/arm/cpu/slsiap/s5p4418/built-in.o
                0x0000000042c09518                NX_GPIO_SetOutputEnable
 .text.NX_GPIO_SetOutputValue
                0x0000000042c0952c       0x10 arch/arm/cpu/slsiap/s5p4418/built-in.o
                0x0000000042c0952c                NX_GPIO_SetOutputValue
 .text.NX_GPIO_GetInputValue
                0x0000000042c0953c       0x1c arch/arm/cpu/slsiap/s5p4418/built-in.o
                0x0000000042c0953c                NX_GPIO_GetInputValue
 .text.NX_GPIO_SetPullMode
                0x0000000042c09558       0x80 arch/arm/cpu/slsiap/s5p4418/built-in.o
                0x0000000042c09558                NX_GPIO_SetPullMode
 .text.NX_GPIO_SetPadFunction
                0x0000000042c095d8       0x20 arch/arm/cpu/slsiap/s5p4418/built-in.o
                0x0000000042c095d8                NX_GPIO_SetPadFunction
 .text.NX_GPIO_SetDRV1
                0x0000000042c095f8       0x14 arch/arm/cpu/slsiap/s5p4418/built-in.o
                0x0000000042c095f8                NX_GPIO_SetDRV1
 .text.NX_GPIO_GetDRV1
                0x0000000042c0960c       0x14 arch/arm/cpu/slsiap/s5p4418/built-in.o
                0x0000000042c0960c                NX_GPIO_GetDRV1
 .text.NX_GPIO_SetDRV1_DISABLE_DEFAULT
                0x0000000042c09620       0x14 arch/arm/cpu/slsiap/s5p4418/built-in.o
                0x0000000042c09620                NX_GPIO_SetDRV1_DISABLE_DEFAULT
 .text.NX_GPIO_SetDRV0
                0x0000000042c09634       0x14 arch/arm/cpu/slsiap/s5p4418/built-in.o
                0x0000000042c09634                NX_GPIO_SetDRV0
 .text.NX_GPIO_GetDRV0
                0x0000000042c09648       0x14 arch/arm/cpu/slsiap/s5p4418/built-in.o
                0x0000000042c09648                NX_GPIO_GetDRV0
 .text.NX_GPIO_SetDRV0_DISABLE_DEFAULT
                0x0000000042c0965c       0x14 arch/arm/cpu/slsiap/s5p4418/built-in.o
                0x0000000042c0965c                NX_GPIO_SetDRV0_DISABLE_DEFAULT
 .text.NX_TIEOFF_Initialize
                0x0000000042c09670        0x8 arch/arm/cpu/slsiap/s5p4418/built-in.o
                0x0000000042c09670                NX_TIEOFF_Initialize
 .text.NX_TIEOFF_SetBaseAddress
                0x0000000042c09678       0x10 arch/arm/cpu/slsiap/s5p4418/built-in.o
                0x0000000042c09678                NX_TIEOFF_SetBaseAddress
 .text.NX_TIEOFF_GetPhysicalAddress
                0x0000000042c09688        0xc arch/arm/cpu/slsiap/s5p4418/built-in.o
                0x0000000042c09688                NX_TIEOFF_GetPhysicalAddress
 .text.NX_DISPLAYTOP_Initialize
                0x0000000042c09694       0x2c arch/arm/cpu/slsiap/s5p4418/built-in.o
                0x0000000042c09694                NX_DISPLAYTOP_Initialize
 .text.NX_DISPLAYTOP_GetPhysicalAddress
                0x0000000042c096c0        0xc arch/arm/cpu/slsiap/s5p4418/built-in.o
                0x0000000042c096c0                NX_DISPLAYTOP_GetPhysicalAddress
 .text.NX_DISPLAYTOP_SetBaseAddress
                0x0000000042c096cc       0x10 arch/arm/cpu/slsiap/s5p4418/built-in.o
                0x0000000042c096cc                NX_DISPLAYTOP_SetBaseAddress
 .text.NX_DISPLAYTOP_OpenModule
                0x0000000042c096dc        0x8 arch/arm/cpu/slsiap/s5p4418/built-in.o
                0x0000000042c096dc                NX_DISPLAYTOP_OpenModule
 .text.NX_DISPLAYTOP_SetLVDSMUX
                0x0000000042c096e4       0x18 arch/arm/cpu/slsiap/s5p4418/built-in.o
                0x0000000042c096e4                NX_DISPLAYTOP_SetLVDSMUX
 .text.NX_DISPLAYTOP_GetResetNumber
                0x0000000042c096fc        0x8 arch/arm/cpu/slsiap/s5p4418/built-in.o
                0x0000000042c096fc                NX_DISPLAYTOP_GetResetNumber
 .text.NX_DISPLAYTOP_SetPrimaryMUX
                0x0000000042c09704       0x14 arch/arm/cpu/slsiap/s5p4418/built-in.o
                0x0000000042c09704                NX_DISPLAYTOP_SetPrimaryMUX
 .text.NX_DISPTOP_CLKGEN_Initialize
                0x0000000042c09718       0x40 arch/arm/cpu/slsiap/s5p4418/built-in.o
                0x0000000042c09718                NX_DISPTOP_CLKGEN_Initialize
 .text.NX_DISPTOP_CLKGEN_GetPhysicalAddress
                0x0000000042c09758       0x10 arch/arm/cpu/slsiap/s5p4418/built-in.o
                0x0000000042c09758                NX_DISPTOP_CLKGEN_GetPhysicalAddress
 .text.NX_DISPTOP_CLKGEN_SetBaseAddress
                0x0000000042c09768       0x10 arch/arm/cpu/slsiap/s5p4418/built-in.o
                0x0000000042c09768                NX_DISPTOP_CLKGEN_SetBaseAddress
 .text.NX_DISPTOP_CLKGEN_SetClockPClkMode
                0x0000000042c09778       0x2c arch/arm/cpu/slsiap/s5p4418/built-in.o
                0x0000000042c09778                NX_DISPTOP_CLKGEN_SetClockPClkMode
 .text.NX_DISPTOP_CLKGEN_SetClockSource
                0x0000000042c097a4       0x28 arch/arm/cpu/slsiap/s5p4418/built-in.o
                0x0000000042c097a4                NX_DISPTOP_CLKGEN_SetClockSource
 .text.NX_DISPTOP_CLKGEN_SetClockDivisor
                0x0000000042c097cc       0x30 arch/arm/cpu/slsiap/s5p4418/built-in.o
                0x0000000042c097cc                NX_DISPTOP_CLKGEN_SetClockDivisor
 .text.NX_DISPTOP_CLKGEN_SetClockDivisorEnable
                0x0000000042c097fc       0x20 arch/arm/cpu/slsiap/s5p4418/built-in.o
                0x0000000042c097fc                NX_DISPTOP_CLKGEN_SetClockDivisorEnable
 .text.NX_DUALDISPLAY_GetResetNumber
                0x0000000042c0981c        0x8 arch/arm/cpu/slsiap/s5p4418/built-in.o
                0x0000000042c0981c                NX_DUALDISPLAY_GetResetNumber
 .text.NX_MLC_Initialize
                0x0000000042c09824       0x30 arch/arm/cpu/slsiap/s5p4418/built-in.o
                0x0000000042c09824                NX_MLC_Initialize
 .text.NX_MLC_GetPhysicalAddress
                0x0000000042c09854       0x2c arch/arm/cpu/slsiap/s5p4418/built-in.o
                0x0000000042c09854                NX_MLC_GetPhysicalAddress
 .text.NX_MLC_SetBaseAddress
                0x0000000042c09880       0x10 arch/arm/cpu/slsiap/s5p4418/built-in.o
                0x0000000042c09880                NX_MLC_SetBaseAddress
 .text.NX_MLC_OpenModule
                0x0000000042c09890        0x8 arch/arm/cpu/slsiap/s5p4418/built-in.o
                0x0000000042c09890                NX_MLC_OpenModule
 .text.NX_MLC_SetClockPClkMode
                0x0000000042c09898       0x2c arch/arm/cpu/slsiap/s5p4418/built-in.o
                0x0000000042c09898                NX_MLC_SetClockPClkMode
 .text.NX_MLC_SetClockBClkMode
                0x0000000042c098c4       0x3c arch/arm/cpu/slsiap/s5p4418/built-in.o
                0x0000000042c098c4                NX_MLC_SetClockBClkMode
 .text.NX_MLC_SetTopPowerMode
                0x0000000042c09900       0x24 arch/arm/cpu/slsiap/s5p4418/built-in.o
                0x0000000042c09900                NX_MLC_SetTopPowerMode
 .text.NX_MLC_SetTopSleepMode
                0x0000000042c09924       0x28 arch/arm/cpu/slsiap/s5p4418/built-in.o
                0x0000000042c09924                NX_MLC_SetTopSleepMode
 .text.NX_MLC_SetTopDirtyFlag
                0x0000000042c0994c       0x1c arch/arm/cpu/slsiap/s5p4418/built-in.o
                0x0000000042c0994c                NX_MLC_SetTopDirtyFlag
 .text.NX_MLC_SetMLCEnable
                0x0000000042c09968       0x20 arch/arm/cpu/slsiap/s5p4418/built-in.o
                0x0000000042c09968                NX_MLC_SetMLCEnable
 .text.NX_MLC_SetFieldEnable
                0x0000000042c09988       0x20 arch/arm/cpu/slsiap/s5p4418/built-in.o
                0x0000000042c09988                NX_MLC_SetFieldEnable
 .text.NX_MLC_SetLayerPriority
                0x0000000042c099a8       0x20 arch/arm/cpu/slsiap/s5p4418/built-in.o
                0x0000000042c099a8                NX_MLC_SetLayerPriority
 .text.NX_MLC_SetScreenSize
                0x0000000042c099c8       0x20 arch/arm/cpu/slsiap/s5p4418/built-in.o
                0x0000000042c099c8                NX_MLC_SetScreenSize
 .text.NX_MLC_SetBackground
                0x0000000042c099e8       0x14 arch/arm/cpu/slsiap/s5p4418/built-in.o
                0x0000000042c099e8                NX_MLC_SetBackground
 .text.NX_MLC_SetDirtyFlag
                0x0000000042c099fc       0x40 arch/arm/cpu/slsiap/s5p4418/built-in.o
                0x0000000042c099fc                NX_MLC_SetDirtyFlag
 .text.NX_MLC_SetLayerEnable
                0x0000000042c09a3c       0x48 arch/arm/cpu/slsiap/s5p4418/built-in.o
                0x0000000042c09a3c                NX_MLC_SetLayerEnable
 .text.NX_MLC_SetLockSize
                0x0000000042c09a84       0x38 arch/arm/cpu/slsiap/s5p4418/built-in.o
                0x0000000042c09a84                NX_MLC_SetLockSize
 .text.NX_MLC_SetAlphaBlending
                0x0000000042c09abc       0x64 arch/arm/cpu/slsiap/s5p4418/built-in.o
                0x0000000042c09abc                NX_MLC_SetAlphaBlending
 .text.NX_MLC_SetTransparency
                0x0000000042c09b20       0x44 arch/arm/cpu/slsiap/s5p4418/built-in.o
                0x0000000042c09b20                NX_MLC_SetTransparency
 .text.NX_MLC_SetColorInversion
                0x0000000042c09b64       0x44 arch/arm/cpu/slsiap/s5p4418/built-in.o
                0x0000000042c09b64                NX_MLC_SetColorInversion
 .text.NX_MLC_SetFormatRGB
                0x0000000042c09ba8       0x34 arch/arm/cpu/slsiap/s5p4418/built-in.o
                0x0000000042c09ba8                NX_MLC_SetFormatRGB
 .text.NX_MLC_SetPosition
                0x0000000042c09bdc       0xbc arch/arm/cpu/slsiap/s5p4418/built-in.o
                0x0000000042c09bdc                NX_MLC_SetPosition
 .text.NX_MLC_SetDitherEnableWhenUsingGamma
                0x0000000042c09c98       0x20 arch/arm/cpu/slsiap/s5p4418/built-in.o
                0x0000000042c09c98                NX_MLC_SetDitherEnableWhenUsingGamma
 .text.NX_MLC_SetGammaPriority
                0x0000000042c09cb8       0x20 arch/arm/cpu/slsiap/s5p4418/built-in.o
                0x0000000042c09cb8                NX_MLC_SetGammaPriority
 .text.NX_MLC_SetRGBLayerInvalidPosition
                0x0000000042c09cd8       0x78 arch/arm/cpu/slsiap/s5p4418/built-in.o
                0x0000000042c09cd8                NX_MLC_SetRGBLayerInvalidPosition
 .text.NX_MLC_SetRGBLayerStride
                0x0000000042c09d50       0x48 arch/arm/cpu/slsiap/s5p4418/built-in.o
                0x0000000042c09d50                NX_MLC_SetRGBLayerStride
 .text.NX_MLC_SetRGBLayerAddress
                0x0000000042c09d98       0x30 arch/arm/cpu/slsiap/s5p4418/built-in.o
                0x0000000042c09d98                NX_MLC_SetRGBLayerAddress
 .text.NX_MLC_SetRGBLayerGamaTablePowerMode
                0x0000000042c09dc8       0x2c arch/arm/cpu/slsiap/s5p4418/built-in.o
                0x0000000042c09dc8                NX_MLC_SetRGBLayerGamaTablePowerMode
 .text.NX_MLC_SetRGBLayerGamaTableSleepMode
                0x0000000042c09df4       0x3c arch/arm/cpu/slsiap/s5p4418/built-in.o
                0x0000000042c09df4                NX_MLC_SetRGBLayerGamaTableSleepMode
 .text.NX_MLC_SetRGBLayerGammaEnable
                0x0000000042c09e30       0x20 arch/arm/cpu/slsiap/s5p4418/built-in.o
                0x0000000042c09e30                NX_MLC_SetRGBLayerGammaEnable
 .text.NX_DPC_Initialize
                0x0000000042c09e50       0x30 arch/arm/cpu/slsiap/s5p4418/built-in.o
                0x0000000042c09e50                NX_DPC_Initialize
 .text.NX_DPC_GetPhysicalAddress
                0x0000000042c09e80       0x2c arch/arm/cpu/slsiap/s5p4418/built-in.o
                0x0000000042c09e80                NX_DPC_GetPhysicalAddress
 .text.NX_DPC_SetBaseAddress
                0x0000000042c09eac       0x10 arch/arm/cpu/slsiap/s5p4418/built-in.o
                0x0000000042c09eac                NX_DPC_SetBaseAddress
 .text.NX_DPC_OpenModule
                0x0000000042c09ebc        0x8 arch/arm/cpu/slsiap/s5p4418/built-in.o
                0x0000000042c09ebc                NX_DPC_OpenModule
 .text.NX_DPC_SetClockPClkMode
                0x0000000042c09ec4       0x2c arch/arm/cpu/slsiap/s5p4418/built-in.o
                0x0000000042c09ec4                NX_DPC_SetClockPClkMode
 .text.NX_DPC_SetClockSource
                0x0000000042c09ef0       0x28 arch/arm/cpu/slsiap/s5p4418/built-in.o
                0x0000000042c09ef0                NX_DPC_SetClockSource
 .text.NX_DPC_SetClockDivisor
                0x0000000042c09f18       0x30 arch/arm/cpu/slsiap/s5p4418/built-in.o
                0x0000000042c09f18                NX_DPC_SetClockDivisor
 .text.NX_DPC_SetClockOutInv
                0x0000000042c09f48       0x28 arch/arm/cpu/slsiap/s5p4418/built-in.o
                0x0000000042c09f48                NX_DPC_SetClockOutInv
 .text.NX_DPC_SetClockOutDelay
                0x0000000042c09f70       0x34 arch/arm/cpu/slsiap/s5p4418/built-in.o
                0x0000000042c09f70                NX_DPC_SetClockOutDelay
 .text.NX_DPC_SetClockDivisorEnable
                0x0000000042c09fa4       0x20 arch/arm/cpu/slsiap/s5p4418/built-in.o
                0x0000000042c09fa4                NX_DPC_SetClockDivisorEnable
 .text.NX_DPC_SetDPCEnable
                0x0000000042c09fc4       0x20 arch/arm/cpu/slsiap/s5p4418/built-in.o
                0x0000000042c09fc4                NX_DPC_SetDPCEnable
 .text.NX_DPC_SetDelay
                0x0000000042c09fe4       0x30 arch/arm/cpu/slsiap/s5p4418/built-in.o
                0x0000000042c09fe4                NX_DPC_SetDelay
 .text.NX_DPC_SetDither
                0x0000000042c0a014       0x28 arch/arm/cpu/slsiap/s5p4418/built-in.o
                0x0000000042c0a014                NX_DPC_SetDither
 .text.NX_DPC_SetMode
                0x0000000042c0a03c       0xf0 arch/arm/cpu/slsiap/s5p4418/built-in.o
                0x0000000042c0a03c                NX_DPC_SetMode
 .text.NX_DPC_SetHSync
                0x0000000042c0a12c       0x5c arch/arm/cpu/slsiap/s5p4418/built-in.o
                0x0000000042c0a12c                NX_DPC_SetHSync
 .text.NX_DPC_SetVSync
                0x0000000042c0a188       0x9c arch/arm/cpu/slsiap/s5p4418/built-in.o
                0x0000000042c0a188                NX_DPC_SetVSync
 .text.NX_DPC_SetVSyncOffset
                0x0000000042c0a224       0x24 arch/arm/cpu/slsiap/s5p4418/built-in.o
                0x0000000042c0a224                NX_DPC_SetVSyncOffset
 .text.NX_LVDS_Initialize
                0x0000000042c0a248       0x2c arch/arm/cpu/slsiap/s5p4418/built-in.o
                0x0000000042c0a248                NX_LVDS_Initialize
 .text.NX_LVDS_GetNumberOfModule
                0x0000000042c0a274        0x8 arch/arm/cpu/slsiap/s5p4418/built-in.o
                0x0000000042c0a274                NX_LVDS_GetNumberOfModule
 .text.NX_LVDS_SetBaseAddress
                0x0000000042c0a27c       0x10 arch/arm/cpu/slsiap/s5p4418/built-in.o
                0x0000000042c0a27c                NX_LVDS_SetBaseAddress
 .text.NX_LVDS_GetPhysicalAddress
                0x0000000042c0a28c        0xc arch/arm/cpu/slsiap/s5p4418/built-in.o
                0x0000000042c0a28c                NX_LVDS_GetPhysicalAddress
 .text.NX_LVDS_GetResetNumber
                0x0000000042c0a298        0x8 arch/arm/cpu/slsiap/s5p4418/built-in.o
                0x0000000042c0a298                NX_LVDS_GetResetNumber
 .text.NX_LVDS_SetLVDSCTRL0
                0x0000000042c0a2a0       0x14 arch/arm/cpu/slsiap/s5p4418/built-in.o
                0x0000000042c0a2a0                NX_LVDS_SetLVDSCTRL0
 .text.NX_LVDS_SetLVDSCTRL1
                0x0000000042c0a2b4       0x14 arch/arm/cpu/slsiap/s5p4418/built-in.o
                0x0000000042c0a2b4                NX_LVDS_SetLVDSCTRL1
 .text.NX_LVDS_SetLVDSCTRL2
                0x0000000042c0a2c8       0x14 arch/arm/cpu/slsiap/s5p4418/built-in.o
                0x0000000042c0a2c8                NX_LVDS_SetLVDSCTRL2
 .text.NX_LVDS_SetLVDSCTRL3
                0x0000000042c0a2dc       0x14 arch/arm/cpu/slsiap/s5p4418/built-in.o
                0x0000000042c0a2dc                NX_LVDS_SetLVDSCTRL3
 .text.NX_LVDS_SetLVDSCTRL4
                0x0000000042c0a2f0       0x14 arch/arm/cpu/slsiap/s5p4418/built-in.o
                0x0000000042c0a2f0                NX_LVDS_SetLVDSCTRL4
 .text.NX_LVDS_SetLVDSTMODE0
                0x0000000042c0a304       0x14 arch/arm/cpu/slsiap/s5p4418/built-in.o
                0x0000000042c0a304                NX_LVDS_SetLVDSTMODE0
 .text.NX_LVDS_SetLVDSLOC0
                0x0000000042c0a318       0x14 arch/arm/cpu/slsiap/s5p4418/built-in.o
                0x0000000042c0a318                NX_LVDS_SetLVDSLOC0
 .text.NX_LVDS_SetLVDSLOC1
                0x0000000042c0a32c       0x14 arch/arm/cpu/slsiap/s5p4418/built-in.o
                0x0000000042c0a32c                NX_LVDS_SetLVDSLOC1
 .text.NX_LVDS_SetLVDSLOC2
                0x0000000042c0a340       0x14 arch/arm/cpu/slsiap/s5p4418/built-in.o
                0x0000000042c0a340                NX_LVDS_SetLVDSLOC2
 .text.NX_LVDS_SetLVDSLOC3
                0x0000000042c0a354       0x14 arch/arm/cpu/slsiap/s5p4418/built-in.o
                0x0000000042c0a354                NX_LVDS_SetLVDSLOC3
 .text.NX_LVDS_SetLVDSLOC4
                0x0000000042c0a368       0x14 arch/arm/cpu/slsiap/s5p4418/built-in.o
                0x0000000042c0a368                NX_LVDS_SetLVDSLOC4
 .text.NX_LVDS_SetLVDSLOC5
                0x0000000042c0a37c       0x14 arch/arm/cpu/slsiap/s5p4418/built-in.o
                0x0000000042c0a37c                NX_LVDS_SetLVDSLOC5
 .text.NX_LVDS_SetLVDSLOC6
                0x0000000042c0a390       0x14 arch/arm/cpu/slsiap/s5p4418/built-in.o
                0x0000000042c0a390                NX_LVDS_SetLVDSLOC6
 .text.NX_LVDS_SetLVDSLOCMASK0
                0x0000000042c0a3a4       0x14 arch/arm/cpu/slsiap/s5p4418/built-in.o
                0x0000000042c0a3a4                NX_LVDS_SetLVDSLOCMASK0
 .text.NX_LVDS_SetLVDSLOCMASK1
                0x0000000042c0a3b8       0x14 arch/arm/cpu/slsiap/s5p4418/built-in.o
                0x0000000042c0a3b8                NX_LVDS_SetLVDSLOCMASK1
 .text.NX_LVDS_SetLVDSLOCPOL0
                0x0000000042c0a3cc       0x14 arch/arm/cpu/slsiap/s5p4418/built-in.o
                0x0000000042c0a3cc                NX_LVDS_SetLVDSLOCPOL0
 .text.pwm_init
                0x0000000042c0a3e0       0x78 arch/arm/cpu/slsiap/s5p4418/built-in.o
                0x0000000042c0a3e0                pwm_init
 .text.pwm_config
                0x0000000042c0a458      0x3c0 arch/arm/cpu/slsiap/s5p4418/built-in.o
                0x0000000042c0a458                pwm_config
 .text.pwm_enable
                0x0000000042c0a818       0x30 arch/arm/cpu/slsiap/s5p4418/built-in.o
                0x0000000042c0a818                pwm_enable
 .text.send_start
                0x0000000042c0a848       0x64 arch/arm/cpu/slsiap/s5p4418/built-in.o
 .text.send_stop
                0x0000000042c0a8ac       0x60 arch/arm/cpu/slsiap/s5p4418/built-in.o
 .text.write_byte
                0x0000000042c0a90c       0xcc arch/arm/cpu/slsiap/s5p4418/built-in.o
 .text.do_i2c_mode
                0x0000000042c0a9d8       0xd0 arch/arm/cpu/slsiap/s5p4418/built-in.o
                0x0000000042c0a9d8                do_i2c_mode
 .text.i2c_get_bus_num
                0x0000000042c0aaa8       0x10 arch/arm/cpu/slsiap/s5p4418/built-in.o
                0x0000000042c0aaa8                i2c_get_bus_num
 .text.i2c_set_bus_speed
                0x0000000042c0aab8       0x74 arch/arm/cpu/slsiap/s5p4418/built-in.o
                0x0000000042c0aab8                i2c_set_bus_speed
 .text.i2c_set_bus_num
                0x0000000042c0ab2c       0x4c arch/arm/cpu/slsiap/s5p4418/built-in.o
                0x0000000042c0ab2c                i2c_set_bus_num
 .text.i2c_get_bus_speed
                0x0000000042c0ab78       0x18 arch/arm/cpu/slsiap/s5p4418/built-in.o
                0x0000000042c0ab78                i2c_get_bus_speed
 .text.i2c_init
                0x0000000042c0ab90       0x24 arch/arm/cpu/slsiap/s5p4418/built-in.o
                0x0000000042c0ab90                i2c_init
 .text.i2c_probe
                0x0000000042c0abb4       0x5c arch/arm/cpu/slsiap/s5p4418/built-in.o
                0x0000000042c0abb4                i2c_probe
 .text.i2c_write
                0x0000000042c0ac10      0x11c arch/arm/cpu/slsiap/s5p4418/built-in.o
                0x0000000042c0ac10                i2c_write
 .text.i2c_read
                0x0000000042c0ad2c      0x16c arch/arm/cpu/slsiap/s5p4418/built-in.o
                0x0000000042c0ad2c                i2c_read
 .text.axp228_get_vol_step
                0x0000000042c0ae98       0x34 arch/arm/cpu/slsiap/s5p4418/built-in.o
 .text.axp228_i2c_read
                0x0000000042c0aecc       0x1c arch/arm/cpu/slsiap/s5p4418/built-in.o
 .text.axp228_i2c_write
                0x0000000042c0aee8       0x24 arch/arm/cpu/slsiap/s5p4418/built-in.o
 .text.axp228_i2c_update
                0x0000000042c0af0c       0x54 arch/arm/cpu/slsiap/s5p4418/built-in.o
 .text.axp228_i2c_clr_bits
                0x0000000042c0af60       0x48 arch/arm/cpu/slsiap/s5p4418/built-in.o
 .text.axp228_i2c_set_bits
                0x0000000042c0afa8       0x4c arch/arm/cpu/slsiap/s5p4418/built-in.o
 .text.power_pmic_function_init
                0x0000000042c0aff4       0x3c arch/arm/cpu/slsiap/s5p4418/built-in.o
                0x0000000042c0aff4                power_pmic_function_init
 .text.bd_pmic_init
                0x0000000042c0b030      0x6b4 arch/arm/cpu/slsiap/s5p4418/built-in.o
                0x0000000042c0b030                bd_pmic_init
 .text.axp228_charger_state
                0x0000000042c0b6e4        0x8 arch/arm/cpu/slsiap/s5p4418/built-in.o
 .text.axp228_charger_bat_present
                0x0000000042c0b6ec       0x34 arch/arm/cpu/slsiap/s5p4418/built-in.o
 .text.axp228_usb_limit_set
                0x0000000042c0b720       0x38 arch/arm/cpu/slsiap/s5p4418/built-in.o
                0x0000000042c0b720                axp228_usb_limit_set
 .text.axp228_chrg_get_type
                0x0000000042c0b758       0x90 arch/arm/cpu/slsiap/s5p4418/built-in.o
 .text.power_pmic_init
                0x0000000042c0b7e8       0x70 arch/arm/cpu/slsiap/s5p4418/built-in.o
                0x0000000042c0b7e8                power_pmic_init
 .text.axp228_power_battery_charge
                0x0000000042c0b858        0x8 arch/arm/cpu/slsiap/s5p4418/built-in.o
 .text.axp228_power_battery_init
                0x0000000042c0b860       0x34 arch/arm/cpu/slsiap/s5p4418/built-in.o
 .text.power_bat_init
                0x0000000042c0b894       0x70 arch/arm/cpu/slsiap/s5p4418/built-in.o
                0x0000000042c0b894                power_bat_init
 .text.axp228_muic_chrg_get_type
                0x0000000042c0b904       0x90 arch/arm/cpu/slsiap/s5p4418/built-in.o
 .text.power_muic_init
                0x0000000042c0b994       0x70 arch/arm/cpu/slsiap/s5p4418/built-in.o
                0x0000000042c0b994                power_muic_init
 .text.axp228_power_check_ibatt
                0x0000000042c0ba04       0xe4 arch/arm/cpu/slsiap/s5p4418/built-in.o
 .text.axp228_power_update_battery
                0x0000000042c0bae8       0x88 arch/arm/cpu/slsiap/s5p4418/built-in.o
 .text.axp228_power_check_battery
                0x0000000042c0bb70       0xc4 arch/arm/cpu/slsiap/s5p4418/built-in.o
 .text.power_fg_init
                0x0000000042c0bc34       0x70 arch/arm/cpu/slsiap/s5p4418/built-in.o
                0x0000000042c0bc34                power_fg_init
 .text.dw_mci_clksel
                0x0000000042c0bca4       0x14 arch/arm/cpu/slsiap/s5p4418/built-in.o
 .text.dw_mci_get_clk
                0x0000000042c0bcb8       0x50 arch/arm/cpu/slsiap/s5p4418/built-in.o
 .text.dw_mci_init.constprop.0
                0x0000000042c0bd08       0xf0 arch/arm/cpu/slsiap/s5p4418/built-in.o
 .text.board_mmc_init
                0x0000000042c0bdf8       0x9c arch/arm/cpu/slsiap/s5p4418/built-in.o
                0x0000000042c0bdf8                board_mmc_init
 .text.disp_initialize
                0x0000000042c0be94       0x24 arch/arm/cpu/slsiap/s5p4418/built-in.o
                0x0000000042c0be94                disp_initialize
 .text.disp_topctl_reset
                0x0000000042c0beb8       0x30 arch/arm/cpu/slsiap/s5p4418/built-in.o
                0x0000000042c0beb8                disp_topctl_reset
 .text.disp_syncgen_reset
                0x0000000042c0bee8       0x34 arch/arm/cpu/slsiap/s5p4418/built-in.o
                0x0000000042c0bee8                disp_syncgen_reset
 .text.disp_syncgen_init
                0x0000000042c0bf1c       0x30 arch/arm/cpu/slsiap/s5p4418/built-in.o
                0x0000000042c0bf1c                disp_syncgen_init
 .text.disp_syncgen_enable
                0x0000000042c0bf4c       0x28 arch/arm/cpu/slsiap/s5p4418/built-in.o
                0x0000000042c0bf4c                disp_syncgen_enable
 .text.disp_syncgen_setup
                0x0000000042c0bf74      0x2b0 arch/arm/cpu/slsiap/s5p4418/built-in.o
                0x0000000042c0bf74                disp_syncgen_setup
 .text.disp_multily_init
                0x0000000042c0c224       0x3c arch/arm/cpu/slsiap/s5p4418/built-in.o
                0x0000000042c0c224                disp_multily_init
 .text.disp_multily_enable
                0x0000000042c0c260       0x44 arch/arm/cpu/slsiap/s5p4418/built-in.o
                0x0000000042c0c260                disp_multily_enable
 .text.disp_multily_setup
                0x0000000042c0c2a4      0x1c8 arch/arm/cpu/slsiap/s5p4418/built-in.o
                0x0000000042c0c2a4                disp_multily_setup
 .text.display_lvds
                0x0000000042c0c46c      0x268 arch/arm/cpu/slsiap/s5p4418/built-in.o
                0x0000000042c0c46c                display_lvds
 .text.display_rgb
                0x0000000042c0c6d4       0xd4 arch/arm/cpu/slsiap/s5p4418/built-in.o
                0x0000000042c0c6d4                display_rgb
 .text.gpio_direction_input
                0x0000000042c0c7a8       0x38 arch/arm/cpu/slsiap/s5p4418/built-in.o
                0x0000000042c0c7a8                gpio_direction_input
 .text.gpio_direction_output
                0x0000000042c0c7e0       0x64 arch/arm/cpu/slsiap/s5p4418/built-in.o
                0x0000000042c0c7e0                gpio_direction_output
 .text.gpio_get_value
                0x0000000042c0c844       0x20 arch/arm/cpu/slsiap/s5p4418/built-in.o
                0x0000000042c0c844                gpio_get_value
 .text.s3c_usb_write_ep0_fifo
                0x0000000042c0c864       0x54 arch/arm/cpu/slsiap/s5p4418/built-in.o
 .text.s3c_usb_write_in_fifo
                0x0000000042c0c8b8       0x54 arch/arm/cpu/slsiap/s5p4418/built-in.o
 .text.s3c_usb_read_out_fifo
                0x0000000042c0c90c       0x4c arch/arm/cpu/slsiap/s5p4418/built-in.o
 .text.s3c_usb_set_inep_xfersize
                0x0000000042c0c958       0x40 arch/arm/cpu/slsiap/s5p4418/built-in.o
 .text.s3c_usb_set_outep_xfersize
                0x0000000042c0c998       0x40 arch/arm/cpu/slsiap/s5p4418/built-in.o
 .text.fboot_usb_int_bulkin
                0x0000000042c0c9d8       0xc4 arch/arm/cpu/slsiap/s5p4418/built-in.o
                0x0000000042c0c9d8                fboot_usb_int_bulkin
 .text.fboot_usb_int_bulkout
                0x0000000042c0ca9c       0x94 arch/arm/cpu/slsiap/s5p4418/built-in.o
                0x0000000042c0ca9c                fboot_usb_int_bulkout
 .text.fboot_usb_set_descriptors
                0x0000000042c0cb30      0x1a4 arch/arm/cpu/slsiap/s5p4418/built-in.o
                0x0000000042c0cb30                fboot_usb_set_descriptors
 .text.fastboot_getvar
                0x0000000042c0ccd4        0x8 arch/arm/cpu/slsiap/s5p4418/built-in.o
                0x0000000042c0ccd4                fastboot_getvar
 .text.s3c_usbctl_init
                0x0000000042c0ccdc      0x1ac arch/arm/cpu/slsiap/s5p4418/built-in.o
                0x0000000042c0ccdc                s3c_usbctl_init
 .text.fboot_usbctl_init
                0x0000000042c0ce88       0x20 arch/arm/cpu/slsiap/s5p4418/built-in.o
                0x0000000042c0ce88                fboot_usbctl_init
 .text.fastboot_init
                0x0000000042c0cea8       0xd0 arch/arm/cpu/slsiap/s5p4418/built-in.o
                0x0000000042c0cea8                fastboot_init
 .text.s3c_usb_stop
                0x0000000042c0cf78       0x34 arch/arm/cpu/slsiap/s5p4418/built-in.o
                0x0000000042c0cf78                s3c_usb_stop
 .text.fastboot_shutdown
                0x0000000042c0cfac        0x4 arch/arm/cpu/slsiap/s5p4418/built-in.o
                0x0000000042c0cfac                fastboot_shutdown
 .text.dwc_otg_get_ep0_state
                0x0000000042c0cfb0       0x10 arch/arm/cpu/slsiap/s5p4418/built-in.o
                0x0000000042c0cfb0                dwc_otg_get_ep0_state
 .text.dwc_otg_clear_ep0_state
                0x0000000042c0cfc0       0x14 arch/arm/cpu/slsiap/s5p4418/built-in.o
                0x0000000042c0cfc0                dwc_otg_clear_ep0_state
 .text.s3c_udc_int_hndlr
                0x0000000042c0cfd4     0x20dc arch/arm/cpu/slsiap/s5p4418/built-in.o
                0x0000000042c0cfd4                s3c_udc_int_hndlr
 .text.fastboot_poll
                0x0000000042c0f0b0       0x68 arch/arm/cpu/slsiap/s5p4418/built-in.o
                0x0000000042c0f0b0                fastboot_poll
 .text.fastboot_tx_status
                0x0000000042c0f118       0x5c arch/arm/cpu/slsiap/s5p4418/built-in.o
                0x0000000042c0f118                fastboot_tx_status
 .text.otg_clk_enable
                0x0000000042c0f174        0x4 arch/arm/cpu/slsiap/s5p4418/built-in.o
                0x0000000042c0f174                otg_clk_enable
 .text.otg_phy_init
                0x0000000042c0f178      0x100 arch/arm/cpu/slsiap/s5p4418/built-in.o
                0x0000000042c0f178                otg_phy_init
 .text.otg_phy_off
                0x0000000042c0f278       0xb8 arch/arm/cpu/slsiap/s5p4418/built-in.o
                0x0000000042c0f278                otg_phy_off
 .text.boot_jump_linux
                0x0000000042c0f330       0xa0 arch/arm/lib/built-in.o
 .text.arch_lmb_reserve
                0x0000000042c0f3d0       0x24 arch/arm/lib/built-in.o
                0x0000000042c0f3d0                arch_lmb_reserve
 .text.setup_board_tags
                0x0000000042c0f3f4        0x4 arch/arm/lib/built-in.o
                0x0000000042c0f3f4                setup_board_tags
 .text.boot_prep_linux.isra.3
                0x0000000042c0f3f8       0xd4 arch/arm/lib/built-in.o
 .text.do_bootm_linux
                0x0000000042c0f4cc       0x60 arch/arm/lib/built-in.o
                0x0000000042c0f4cc                do_bootm_linux
 .text.boot_prep_vxworks
                0x0000000042c0f52c        0x4 arch/arm/lib/built-in.o
                0x0000000042c0f52c                boot_prep_vxworks
 .text.boot_jump_vxworks
                0x0000000042c0f530       0x14 arch/arm/lib/built-in.o
                0x0000000042c0f530                boot_jump_vxworks
 .text.interrupt_init
                0x0000000042c0f544       0x1c arch/arm/lib/built-in.o
                0x0000000042c0f544                interrupt_init
 .text.enable_interrupts
                0x0000000042c0f560        0x4 arch/arm/lib/built-in.o
                0x0000000042c0f560                enable_interrupts
 .text.disable_interrupts
                0x0000000042c0f564        0x8 arch/arm/lib/built-in.o
                0x0000000042c0f564                disable_interrupts
 .text.bad_mode
                0x0000000042c0f56c       0x10 arch/arm/lib/built-in.o
                0x0000000042c0f56c                bad_mode
 .text.show_regs
                0x0000000042c0f57c      0x140 arch/arm/lib/built-in.o
                0x0000000042c0f57c                show_regs
 .text.do_undefined_instruction
                0x0000000042c0f6bc       0x20 arch/arm/lib/built-in.o
                0x0000000042c0f6bc                do_undefined_instruction
 .text.do_software_interrupt
                0x0000000042c0f6dc       0x20 arch/arm/lib/built-in.o
                0x0000000042c0f6dc                do_software_interrupt
 .text.do_prefetch_abort
                0x0000000042c0f6fc       0x20 arch/arm/lib/built-in.o
                0x0000000042c0f6fc                do_prefetch_abort
 .text.do_data_abort
                0x0000000042c0f71c       0x20 arch/arm/lib/built-in.o
                0x0000000042c0f71c                do_data_abort
 .text.do_not_used
                0x0000000042c0f73c       0x20 arch/arm/lib/built-in.o
                0x0000000042c0f73c                do_not_used
 .text.do_fiq   0x0000000042c0f75c       0x20 arch/arm/lib/built-in.o
                0x0000000042c0f75c                do_fiq
 .text.do_irq   0x0000000042c0f77c       0x20 arch/arm/lib/built-in.o
                0x0000000042c0f77c                do_irq
 .text.do_reset
                0x0000000042c0f79c       0x2c arch/arm/lib/built-in.o
                0x0000000042c0f79c                do_reset
 .text.cp_delay
                0x0000000042c0f7c8       0x30 arch/arm/lib/built-in.o
 .text.cache_disable
                0x0000000042c0f7f8       0x44 arch/arm/lib/built-in.o
 .text.icache_disable
                0x0000000042c0f83c        0x8 arch/arm/lib/built-in.o
                0x0000000042c0f83c                icache_disable
 .text.dcache_disable
                0x0000000042c0f844        0x8 arch/arm/lib/built-in.o
                0x0000000042c0f844                dcache_disable
 .text.bd_gpio_init
                0x0000000042c0f84c      0x19c board/s5p4418/urbetter/built-in.o
 .text.board_eth_init
                0x0000000042c0f9e8        0x8 board/s5p4418/urbetter/built-in.o
                0x0000000042c0f9e8                board_eth_init
 .text.board_early_init_f
                0x0000000042c0f9f0      0x11c board/s5p4418/urbetter/built-in.o
                0x0000000042c0f9f0                board_early_init_f
 .text.board_init
                0x0000000042c0fb0c        0x8 board/s5p4418/urbetter/built-in.o
                0x0000000042c0fb0c                board_init
 .text.power_init_board
                0x0000000042c0fb14        0x4 board/s5p4418/urbetter/built-in.o
                0x0000000042c0fb14                power_init_board
 .text.bd_display_run
                0x0000000042c0fb18       0xa8 board/s5p4418/urbetter/built-in.o
                0x0000000042c0fb18                bd_display_run
 .text.board_late_init
                0x0000000042c0fbc0       0xe8 board/s5p4418/urbetter/built-in.o
                0x0000000042c0fbc0                board_late_init
 .text.bd_display
                0x0000000042c0fca8      0x134 board/s5p4418/urbetter/built-in.o
                0x0000000042c0fca8                bd_display
 .text.fboot_lcd_start
                0x0000000042c0fddc       0x9c board/s5p4418/urbetter/built-in.o
                0x0000000042c0fddc                fboot_lcd_start
 .text.fboot_lcd_stop
                0x0000000042c0fe78       0x10 board/s5p4418/urbetter/built-in.o
                0x0000000042c0fe78                fboot_lcd_stop
 .text.fboot_lcd_part
                0x0000000042c0fe88       0x60 board/s5p4418/urbetter/built-in.o
                0x0000000042c0fe88                fboot_lcd_part
 .text.fboot_lcd_down
                0x0000000042c0fee8       0x54 board/s5p4418/urbetter/built-in.o
                0x0000000042c0fee8                fboot_lcd_down
 .text.fboot_lcd_flash
                0x0000000042c0ff3c       0x60 board/s5p4418/urbetter/built-in.o
                0x0000000042c0ff3c                fboot_lcd_flash
 .text.fboot_lcd_status
                0x0000000042c0ff9c       0x54 board/s5p4418/urbetter/built-in.o
                0x0000000042c0ff9c                fboot_lcd_status
 .text.__show_boot_progress
                0x0000000042c0fff0        0x4 common/built-in.o
                0x0000000042c0fff0                __show_boot_progress
                0x0000000042c0fff0                show_boot_progress
 .text.main_loop
                0x0000000042c0fff4       0x20 common/built-in.o
                0x0000000042c0fff4                main_loop
 .text.find_cmd_tbl
                0x0000000042c10014       0x9c common/built-in.o
                0x0000000042c10014                find_cmd_tbl
 .text.find_cmd
                0x0000000042c100b0       0x28 common/built-in.o
                0x0000000042c100b0                find_cmd
 .text.cmd_usage
                0x0000000042c100d8       0x5c common/built-in.o
                0x0000000042c100d8                cmd_usage
 .text._do_help
                0x0000000042c10134      0x188 common/built-in.o
                0x0000000042c10134                _do_help
 .text.cmd_get_data_size
                0x0000000042c102bc       0x50 common/built-in.o
                0x0000000042c102bc                cmd_get_data_size
 .text.cmd_process
                0x0000000042c1030c       0xec common/built-in.o
                0x0000000042c1030c                cmd_process
 .text.dummy    0x0000000042c103f8        0x4 common/built-in.o
 .text.get_version
                0x0000000042c103fc        0x8 common/built-in.o
                0x0000000042c103fc                get_version
 .text.jumptable_init
                0x0000000042c10404      0x1a0 common/built-in.o
                0x0000000042c10404                jumptable_init
 .text.hash_command
                0x0000000042c105a4       0xa0 common/built-in.o
                0x0000000042c105a4                hash_command
 .text.b_reset  0x0000000042c10644       0x1c common/built-in.o
 .text.static_get
                0x0000000042c10660       0x1c common/built-in.o
 .text.static_peek
                0x0000000042c1067c        0xc common/built-in.o
 .text.file_peek
                0x0000000042c10688        0xc common/built-in.o
 .text.mapset   0x0000000042c10694       0x20 common/built-in.o
 .text.syntax_err
                0x0000000042c106b4        0xc common/built-in.o
 .text.do_showvar
                0x0000000042c106c0       0xf0 common/built-in.o
 .text.free_pipe
                0x0000000042c107b0       0xf0 common/built-in.o
 .text.b_addchr
                0x0000000042c108a0       0x78 common/built-in.o
 .text.b_addqchr
                0x0000000042c10918       0x4c common/built-in.o
 .text.xmalloc  0x0000000042c10964       0x20 common/built-in.o
 .text.file_get
                0x0000000042c10984      0x1c8 common/built-in.o
 .text.xrealloc
                0x0000000042c10b4c       0x20 common/built-in.o
 .text.done_command
                0x0000000042c10b6c       0x8c common/built-in.o
 .text.done_pipe
                0x0000000042c10bf8       0x60 common/built-in.o
 .text.done_word
                0x0000000042c10c58      0x2e4 common/built-in.o
 .text.get_local_var
                0x0000000042c10f3c       0x94 common/built-in.o
                0x0000000042c10f3c                get_local_var
 .text.set_local_var
                0x0000000042c10fd0      0x1bc common/built-in.o
                0x0000000042c10fd0                set_local_var
 .text.insert_var_value_sub
                0x0000000042c1118c      0x2b4 common/built-in.o
 .text.parse_string_outer
                0x0000000042c11440       0xf0 common/built-in.o
                0x0000000042c11440                parse_string_outer
 .text.run_list_real
                0x0000000042c11530      0x878 common/built-in.o
 .text.parse_stream_outer
                0x0000000042c11da8      0x758 common/built-in.o
 .text.parse_file_outer
                0x0000000042c12500       0x44 common/built-in.o
                0x0000000042c12500                parse_file_outer
 .text.u_boot_hush_start
                0x0000000042c12544       0x54 common/built-in.o
                0x0000000042c12544                u_boot_hush_start
 .text.run_command
                0x0000000042c12598        0x8 common/built-in.o
                0x0000000042c12598                run_command
 .text.run_command_list
                0x0000000042c125a0       0x5c common/built-in.o
                0x0000000042c125a0                run_command_list
 .text.do_run   0x0000000042c125fc       0x78 common/built-in.o
                0x0000000042c125fc                do_run
 .text.cli_loop
                0x0000000042c12674        0xc common/built-in.o
                0x0000000042c12674                cli_loop
 .text.cli_init
                0x0000000042c12680        0x4 common/built-in.o
                0x0000000042c12680                cli_init
 .text.delete_char.part.0
                0x0000000042c12684       0xd4 common/built-in.o
 .text.cread_add_char
                0x0000000042c12758       0xec common/built-in.o
 .text.cli_readline_into_buffer
                0x0000000042c12844      0x8f0 common/built-in.o
                0x0000000042c12844                cli_readline_into_buffer
 .text.cli_readline
                0x0000000042c13134       0x14 common/built-in.o
                0x0000000042c13134                cli_readline
 .text.bootdelay_process
                0x0000000042c13148       0x48 common/built-in.o
                0x0000000042c13148                bootdelay_process
 .text.autoboot_command
                0x0000000042c13190       0xf8 common/built-in.o
                0x0000000042c13190                autoboot_command
 .text.trace_early_init
                0x0000000042c13288        0x8 common/built-in.o
 .text.display_text_info
                0x0000000042c13290        0x8 common/built-in.o
 .text.setup_mon_len
                0x0000000042c13298       0x20 common/built-in.o
 .text.reserve_round_4k
                0x0000000042c132b8       0x18 common/built-in.o
 .text.reserve_mmu
                0x0000000042c132d0       0x38 common/built-in.o
 .text.reserve_trace
                0x0000000042c13308        0x8 common/built-in.o
 .text.reserve_uboot
                0x0000000042c13310       0x30 common/built-in.o
 .text.reserve_malloc
                0x0000000042c13340       0x14 common/built-in.o
 .text.setup_machine
                0x0000000042c13354        0x8 common/built-in.o
 .text.reserve_global_data
                0x0000000042c1335c       0x1c common/built-in.o
 .text.reserve_fdt
                0x0000000042c13378       0x4c common/built-in.o
 .text.reserve_stacks
                0x0000000042c133c4       0x34 common/built-in.o
 .text.display_new_sp
                0x0000000042c133f8        0x8 common/built-in.o
 .text.setup_dram_config
                0x0000000042c13400       0x10 common/built-in.o
 .text.setup_reloc
                0x0000000042c13410       0x2c common/built-in.o
 .text.reloc_fdt
                0x0000000042c1343c       0x30 common/built-in.o
 .text.show_dram_config
                0x0000000042c1346c       0x38 common/built-in.o
 .text.reserve_board
                0x0000000042c134a4       0x30 common/built-in.o
 .text.announce_dram_init
                0x0000000042c134d4       0x18 common/built-in.o
 .text.init_func_i2c
                0x0000000042c134ec       0x34 common/built-in.o
 .text.init_baud_rate
                0x0000000042c13520       0x2c common/built-in.o
 .text.setup_fdt
                0x0000000042c1354c       0x28 common/built-in.o
 .text.mark_bootstage
                0x0000000042c13574       0x14 common/built-in.o
 .text.__board_add_ram_info
                0x0000000042c13588        0x4 common/built-in.o
                0x0000000042c13588                __board_add_ram_info
                0x0000000042c13588                board_add_ram_info
 .text.board_get_usable_ram_top
                0x0000000042c1358c        0x8 common/built-in.o
                0x0000000042c1358c                board_get_usable_ram_top
 .text.setup_dest_addr
                0x0000000042c13594       0x40 common/built-in.o
 .text.board_init_f
                0x0000000042c135d4       0x4c common/built-in.o
                0x0000000042c135d4                board_init_f
 .text.bootstage_relocate
                0x0000000042c13620        0x8 common/built-in.o
 .text.initr_secondary_cpu
                0x0000000042c13628       0x10 common/built-in.o
 .text.initr_trace
                0x0000000042c13638        0x8 common/built-in.o
 .text.initr_reloc_global_data
                0x0000000042c13640       0x28 common/built-in.o
 .text.initr_barrier
                0x0000000042c13668        0x8 common/built-in.o
 .text.initr_announce
                0x0000000042c13670        0x8 common/built-in.o
 .text.run_main_loop
                0x0000000042c13678        0xc common/built-in.o
 .text.initr_net
                0x0000000042c13684       0x20 common/built-in.o
 .text.initr_ethaddr
                0x0000000042c136a4       0x20 common/built-in.o
 .text.initr_enable_interrupts
                0x0000000042c136c4       0x10 common/built-in.o
 .text.initr_jumptable
                0x0000000042c136d4       0x10 common/built-in.o
 .text.initr_env
                0x0000000042c136e4       0x30 common/built-in.o
 .text.initr_malloc
                0x0000000042c13714       0x1c common/built-in.o
 .text.initr_serial
                0x0000000042c13730       0x10 common/built-in.o
 .text.initr_caches
                0x0000000042c13740       0x10 common/built-in.o
 .text.initr_reloc
                0x0000000042c13750       0x20 common/built-in.o
 .text.initr_mmc
                0x0000000042c13770       0x20 common/built-in.o
                0x0000000042c13770                initr_mmc
 .text.__cpu_secondary_init_r
                0x0000000042c13790        0x4 common/built-in.o
                0x0000000042c13790                cpu_secondary_init_r
                0x0000000042c13790                __cpu_secondary_init_r
 .text.board_init_r
                0x0000000042c13794       0x18 common/built-in.o
                0x0000000042c13794                board_init_r
 .text.do_go_exec
                0x0000000042c137ac       0x18 common/built-in.o
                0x0000000042c137ac                do_go_exec
 .text.do_go    0x0000000042c137c4       0x6c common/built-in.o
 .text.image_info
                0x0000000042c13830       0xd0 common/built-in.o
 .text.do_bootd
                0x0000000042c13900       0x20 common/built-in.o
                0x0000000042c13900                do_bootd
 .text.do_bootm
                0x0000000042c13920       0xf8 common/built-in.o
                0x0000000042c13920                do_bootm
 .text.do_iminfo
                0x0000000042c13a18       0x60 common/built-in.o
 .text.bootm_maybe_autostart
                0x0000000042c13a78       0x74 common/built-in.o
                0x0000000042c13a78                bootm_maybe_autostart
 .text.bootm_find_ramdisk_fdt
                0x0000000042c13aec       0x48 common/built-in.o
                0x0000000042c13aec                bootm_find_ramdisk_fdt
 .text.do_bootm_states
                0x0000000042c13b34      0x768 common/built-in.o
                0x0000000042c13b34                do_bootm_states
 .text.do_bootm_plan9
                0x0000000042c1429c       0xcc common/built-in.o
 .text.do_bootm_standalone
                0x0000000042c14368       0x64 common/built-in.o
 .text.do_bootvx_fdt
                0x0000000042c143cc       0x3c common/built-in.o
                0x0000000042c143cc                do_bootvx_fdt
 .text.do_bootm_vxworks
                0x0000000042c14408       0x24 common/built-in.o
 .text.boot_selected_os
                0x0000000042c1442c       0x58 common/built-in.o
                0x0000000042c1442c                boot_selected_os
 .text.bootm_os_get_boot_func
                0x0000000042c14484       0x10 common/built-in.o
                0x0000000042c14484                bootm_os_get_boot_func
 .text.do_help  0x0000000042c14494       0x44 common/built-in.o
 .text.do_version
                0x0000000042c144d8       0x38 common/built-in.o
 .text.env_attr_walk
                0x0000000042c14510      0x10c common/built-in.o
                0x0000000042c14510                env_attr_walk
 .text.env_attr_lookup
                0x0000000042c1461c      0x188 common/built-in.o
                0x0000000042c1461c                env_attr_lookup
 .text.clear_callback
                0x0000000042c147a4       0x10 common/built-in.o
 .text.on_callbacks
                0x0000000042c147b4       0x48 common/built-in.o
 .text.find_env_callback
                0x0000000042c147fc       0x64 common/built-in.o
 .text.set_callback
                0x0000000042c14860       0x94 common/built-in.o
 .text.env_callback_init
                0x0000000042c148f4       0xc0 common/built-in.o
                0x0000000042c148f4                env_callback_init
 .text.skip_num
                0x0000000042c149b4       0x70 common/built-in.o
 .text.clear_flags
                0x0000000042c14a24       0x10 common/built-in.o
 .text.on_flags
                0x0000000042c14a34       0x48 common/built-in.o
 .text.env_flags_parse_vartype
                0x0000000042c14a7c       0x4c common/built-in.o
                0x0000000042c14a7c                env_flags_parse_vartype
 .text.env_flags_parse_varaccess
                0x0000000042c14ac8       0x54 common/built-in.o
                0x0000000042c14ac8                env_flags_parse_varaccess
 .text.set_flags
                0x0000000042c14b1c       0xac common/built-in.o
 .text.env_flags_init
                0x0000000042c14bc8       0xd0 common/built-in.o
                0x0000000042c14bc8                env_flags_init
 .text.env_flags_validate
                0x0000000042c14c98      0x310 common/built-in.o
                0x0000000042c14c98                env_flags_validate
 .text.mmc_get_env_addr
                0x0000000042c14fa8       0x10 common/built-in.o
                0x0000000042c14fa8                mmc_get_env_addr
 .text.env_init
                0x0000000042c14fb8       0x1c common/built-in.o
                0x0000000042c14fb8                env_init
 .text.saveenv  0x0000000042c14fd4      0x124 common/built-in.o
                0x0000000042c14fd4                saveenv
 .text.env_relocate_spec
                0x0000000042c150f8       0xf0 common/built-in.o
                0x0000000042c150f8                env_relocate_spec
 .text.source   0x0000000042c151e8       0xdc common/built-in.o
                0x0000000042c151e8                source
 .text.do_source
                0x0000000042c152c4       0x44 common/built-in.o
                0x0000000042c152c4                do_source
 .text.print_num
                0x0000000042c15308       0x18 common/built-in.o
 .text.do_bdinfo
                0x0000000042c15320      0x17c common/built-in.o
                0x0000000042c15320                do_bdinfo
 .text.do_exit  0x0000000042c1549c       0x30 common/built-in.o
 .text.do_ext4_ls
                0x0000000042c154cc       0x14 common/built-in.o
                0x0000000042c154cc                do_ext4_ls
 .text.do_ext4_load
                0x0000000042c154e0       0x14 common/built-in.o
                0x0000000042c154e0                do_ext4_load
 .text.do_ext4_write
                0x0000000042c154f4       0xf0 common/built-in.o
                0x0000000042c154f4                do_ext4_write
 .text.get_random_val
                0x0000000042c155e4       0x1c common/built-in.o
                0x0000000042c155e4                get_random_val
 .text.default_journal_size
                0x0000000042c15600       0x44 common/built-in.o
                0x0000000042c15600                default_journal_size
 .text.ext2fs_format
                0x0000000042c15644     0x2200 common/built-in.o
                0x0000000042c15644                ext2fs_format
 .text.ext_format
                0x0000000042c17844      0x118 common/built-in.o
                0x0000000042c17844                ext_format
 .text.do_ext2_format
                0x0000000042c1795c       0x10 common/built-in.o
                0x0000000042c1795c                do_ext2_format
 .text.do_fat_fswrite
                0x0000000042c1796c       0xf8 common/built-in.o
 .text.do_fat_ls
                0x0000000042c17a64       0x14 common/built-in.o
 .text.do_fat_fsload
                0x0000000042c17a78       0x14 common/built-in.o
                0x0000000042c17a78                do_fat_fsload
 .text.do_fat_fsinfo
                0x0000000042c17a8c       0x90 common/built-in.o
 .text.get_alen
                0x0000000042c17b1c       0x44 common/built-in.o
 .text.do_i2c   0x0000000042c17b60       0x60 common/built-in.o
 .text.do_i2c_reset
                0x0000000042c17bc0       0x1c common/built-in.o
 .text.do_i2c_mw
                0x0000000042c17bdc       0xf0 common/built-in.o
 .text.do_i2c_read
                0x0000000042c17ccc       0xac common/built-in.o
 .text.do_i2c_probe
                0x0000000042c17d78       0x9c common/built-in.o
 .text.do_i2c_md
                0x0000000042c17e14      0x1c4 common/built-in.o
 .text.do_i2c_crc
                0x0000000042c17fd8      0x10c common/built-in.o
 .text.do_i2c_write
                0x0000000042c180e4       0xec common/built-in.o
 .text.do_i2c_loop
                0x0000000042c181d0       0xd4 common/built-in.o
 .text.mod_i2c_mem.isra.2
                0x0000000042c182a4      0x1ec common/built-in.o
 .text.do_i2c_nm
                0x0000000042c18490        0x8 common/built-in.o
 .text.do_i2c_mm
                0x0000000042c18498        0x8 common/built-in.o
 .text.do_i2c_bus_num
                0x0000000042c184a0       0x74 common/built-in.o
                0x0000000042c184a0                do_i2c_bus_num
 .text.do_i2c_bus_speed
                0x0000000042c18514       0x74 common/built-in.o
 .text.do_mem_loop
                0x0000000042c18588      0x104 common/built-in.o
 .text.do_mem_mw
                0x0000000042c1868c       0xb8 common/built-in.o
 .text.do_mem_base
                0x0000000042c18744       0x40 common/built-in.o
 .text.do_mem_cmp
                0x0000000042c18784      0x160 common/built-in.o
 .text.do_mem_crc
                0x0000000042c188e4       0x44 common/built-in.o
 .text.do_mem_cp
                0x0000000042c18928       0xd4 common/built-in.o
 .text.do_mem_md
                0x0000000042c189fc       0xe4 common/built-in.o
 .text.mod_mem.isra.2
                0x0000000042c18ae0      0x15c common/built-in.o
 .text.do_mem_nm
                0x0000000042c18c3c        0x8 common/built-in.o
 .text.do_mem_mm
                0x0000000042c18c44        0x8 common/built-in.o
 .text.miiphy_get_dev_by_name
                0x0000000042c18c4c       0x5c common/built-in.o
                0x0000000042c18c4c                miiphy_get_dev_by_name
 .text.miiphy_init
                0x0000000042c18ca8       0x24 common/built-in.o
                0x0000000042c18ca8                miiphy_init
 .text.mdio_list_devices
                0x0000000042c18ccc       0x98 common/built-in.o
                0x0000000042c18ccc                mdio_list_devices
 .text.miiphy_set_current_dev
                0x0000000042c18d64       0x40 common/built-in.o
                0x0000000042c18d64                miiphy_set_current_dev
 .text.miiphy_get_active_dev
                0x0000000042c18da4       0x50 common/built-in.o
 .text.mdio_get_current_dev
                0x0000000042c18df4       0x10 common/built-in.o
                0x0000000042c18df4                mdio_get_current_dev
 .text.mdio_phydev_for_ethname
                0x0000000042c18e04       0x88 common/built-in.o
                0x0000000042c18e04                mdio_phydev_for_ethname
 .text.miiphy_get_current_dev
                0x0000000042c18e8c       0x18 common/built-in.o
                0x0000000042c18e8c                miiphy_get_current_dev
 .text.miiphy_read
                0x0000000042c18ea4       0x48 common/built-in.o
                0x0000000042c18ea4                miiphy_read
 .text.miiphy_write
                0x0000000042c18eec       0x3c common/built-in.o
                0x0000000042c18eec                miiphy_write
 .text.miiphy_listdev
                0x0000000042c18f28       0x70 common/built-in.o
                0x0000000042c18f28                miiphy_listdev
 .text.miiphy_info
                0x0000000042c18f98       0x84 common/built-in.o
                0x0000000042c18f98                miiphy_info
 .text.miiphy_is_1000base_x
                0x0000000042c1901c       0x40 common/built-in.o
                0x0000000042c1901c                miiphy_is_1000base_x
 .text.miiphy_duplex
                0x0000000042c1905c      0x118 common/built-in.o
                0x0000000042c1905c                miiphy_duplex
 .text.miiphy_speed
                0x0000000042c19174       0xe4 common/built-in.o
                0x0000000042c19174                miiphy_speed
 .text.extract_range
                0x0000000042c19258       0xd4 common/built-in.o
 .text.do_mii   0x0000000042c1932c      0x794 common/built-in.o
 .text.do_mdio  0x0000000042c19ac0      0x4cc common/built-in.o
 .text.do_mmcops
                0x0000000042c19f8c       0xb8 common/built-in.o
 .text.do_mmc_list
                0x0000000042c1a044       0x14 common/built-in.o
 .text.init_mmc_device
                0x0000000042c1a058       0x50 common/built-in.o
 .text.do_mmc_rescan
                0x0000000042c1a0a8       0x24 common/built-in.o
 .text.do_mmcinfo
                0x0000000042c1a0cc      0x16c common/built-in.o
 .text.do_mmc_dev
                0x0000000042c1a238      0x138 common/built-in.o
 .text.do_mmc_part
                0x0000000042c1a370       0x64 common/built-in.o
 .text.do_mmc_erase
                0x0000000042c1a3d4       0xec common/built-in.o
 .text.do_mmc_write
                0x0000000042c1a4c0       0xbc common/built-in.o
 .text.do_mmc_read
                0x0000000042c1a57c       0xe8 common/built-in.o
 .text.do_mmc_setdsr
                0x0000000042c1a664       0xa8 common/built-in.o
 .text.netboot_common
                0x0000000042c1a70c      0x29c common/built-in.o
 .text.do_bootp
                0x0000000042c1a9a8        0xc common/built-in.o
 .text.do_tftpb
                0x0000000042c1a9b4       0x40 common/built-in.o
                0x0000000042c1a9b4                do_tftpb
 .text.do_ping  0x0000000042c1a9f4       0x78 common/built-in.o
 .text.do_false
                0x0000000042c1aa6c        0x8 common/built-in.o
 .text.do_true  0x0000000042c1aa74        0x8 common/built-in.o
 .text.do_test  0x0000000042c1aa7c      0x330 common/built-in.o
 .text.do_env_delete
                0x0000000042c1adac       0xa8 common/built-in.o
 .text.env_print
                0x0000000042c1ae54       0xc8 common/built-in.o
 .text.do_env_print
                0x0000000042c1af1c       0xc0 common/built-in.o
 .text.do_env   0x0000000042c1afdc       0x60 common/built-in.o
 .text.do_env_import
                0x0000000042c1b03c      0x270 common/built-in.o
 .text.do_env_default
                0x0000000042c1b2ac       0xb4 common/built-in.o
 .text.do_env_save
                0x0000000042c1b360       0x2c common/built-in.o
 .text._do_env_set.isra.1
                0x0000000042c1b38c      0x1d8 common/built-in.o
 .text.do_env_set
                0x0000000042c1b564       0x1c common/built-in.o
 .text.get_env_id
                0x0000000042c1b580       0x10 common/built-in.o
                0x0000000042c1b580                get_env_id
 .text.setenv   0x0000000042c1b590       0x58 common/built-in.o
                0x0000000042c1b590                setenv
 .text.setenv_hex
                0x0000000042c1b5e8       0x34 common/built-in.o
                0x0000000042c1b5e8                setenv_hex
 .text.do_env_export
                0x0000000042c1b61c      0x268 common/built-in.o
 .text.envmatch
                0x0000000042c1b884       0x6c common/built-in.o
                0x0000000042c1b884                envmatch
 .text.getenv_f
                0x0000000042c1b8f0       0xb8 common/built-in.o
                0x0000000042c1b8f0                getenv_f
 .text.getenv   0x0000000042c1b9a8       0x78 common/built-in.o
                0x0000000042c1b9a8                getenv
 .text.getenv_ulong
                0x0000000042c1ba20       0x30 common/built-in.o
                0x0000000042c1ba20                getenv_ulong
 .text.__env_get_char_spec
                0x0000000042c1ba50        0xc common/built-in.o
                0x0000000042c1ba50                env_get_char_spec
 .text.env_get_addr
                0x0000000042c1ba5c       0x24 common/built-in.o
                0x0000000042c1ba5c                env_get_addr
 .text.env_get_char_memory
                0x0000000042c1ba80       0x10 common/built-in.o
                0x0000000042c1ba80                env_get_char_memory
 .text.env_get_char
                0x0000000042c1ba90       0x3c common/built-in.o
                0x0000000042c1ba90                env_get_char
 .text.getenv_yesno
                0x0000000042c1bacc       0x54 common/built-in.o
                0x0000000042c1bacc                getenv_yesno
 .text.getenv_default
                0x0000000042c1bb20       0x30 common/built-in.o
                0x0000000042c1bb20                getenv_default
 .text.set_default_env
                0x0000000042c1bb50       0xb8 common/built-in.o
                0x0000000042c1bb50                set_default_env
 .text.set_default_vars
                0x0000000042c1bc08       0x34 common/built-in.o
                0x0000000042c1bc08                set_default_vars
 .text.env_import
                0x0000000042c1bc3c       0xd8 common/built-in.o
                0x0000000042c1bc3c                env_import
 .text.env_export
                0x0000000042c1bd14       0xa0 common/built-in.o
                0x0000000042c1bd14                env_export
 .text.env_relocate
                0x0000000042c1bdb4       0x30 common/built-in.o
                0x0000000042c1bdb4                env_relocate
 .text.console_setfile
                0x0000000042c1bde4       0xa4 common/built-in.o
 .text.fgetc    0x0000000042c1be88       0x2c common/built-in.o
                0x0000000042c1be88                fgetc
 .text.ftstc    0x0000000042c1beb4       0x2c common/built-in.o
                0x0000000042c1beb4                ftstc
 .text.fputc    0x0000000042c1bee0       0x28 common/built-in.o
                0x0000000042c1bee0                fputc
 .text.fputs    0x0000000042c1bf08       0x28 common/built-in.o
                0x0000000042c1bf08                fputs
 .text.getc     0x0000000042c1bf30       0x24 common/built-in.o
                0x0000000042c1bf30                getc
 .text.tstc     0x0000000042c1bf54       0x24 common/built-in.o
                0x0000000042c1bf54                tstc
 .text.putc     0x0000000042c1bf78       0x28 common/built-in.o
                0x0000000042c1bf78                putc
 .text.puts     0x0000000042c1bfa0       0x28 common/built-in.o
                0x0000000042c1bfa0                puts
 .text.printf   0x0000000042c1bfc8       0x50 common/built-in.o
                0x0000000042c1bfc8                printf
 .text.vprintf  0x0000000042c1c018       0x40 common/built-in.o
                0x0000000042c1c018                vprintf
 .text.ctrlc    0x0000000042c1c058       0x54 common/built-in.o
                0x0000000042c1c058                ctrlc
 .text.had_ctrlc
                0x0000000042c1c0ac       0x10 common/built-in.o
                0x0000000042c1c0ac                had_ctrlc
 .text.clear_ctrlc
                0x0000000042c1c0bc       0x14 common/built-in.o
                0x0000000042c1c0bc                clear_ctrlc
 .text.search_device
                0x0000000042c1c0d0       0x28 common/built-in.o
                0x0000000042c1c0d0                search_device
 .text.console_assign
                0x0000000042c1c0f8       0x40 common/built-in.o
                0x0000000042c1c0f8                console_assign
 .text.on_console
                0x0000000042c1c138       0xc4 common/built-in.o
 .text.console_init_f
                0x0000000042c1c1fc       0x10 common/built-in.o
                0x0000000042c1c1fc                console_init_f
 .text.stdio_print_current_devices
                0x0000000042c1c20c       0xb4 common/built-in.o
                0x0000000042c1c20c                stdio_print_current_devices
 .text.console_init_r
                0x0000000042c1c2c0       0xe0 common/built-in.o
                0x0000000042c1c2c0                console_init_r
 .text.sbrk     0x0000000042c1c3a0       0x6c common/built-in.o
                0x0000000042c1c3a0                sbrk
 .text.mem_malloc_init
                0x0000000042c1c40c       0x34 common/built-in.o
                0x0000000042c1c40c                mem_malloc_init
 .text.malloc_trim
                0x0000000042c1c440       0xd8 common/built-in.o
                0x0000000042c1c440                malloc_trim
 .text.free     0x0000000042c1c518      0x228 common/built-in.o
                0x0000000042c1c518                free
 .text.malloc   0x0000000042c1c740      0x5f8 common/built-in.o
                0x0000000042c1c740                malloc
 .text.calloc   0x0000000042c1cd38       0xd4 common/built-in.o
                0x0000000042c1cd38                calloc
 .text.memalign
                0x0000000042c1ce0c      0x110 common/built-in.o
                0x0000000042c1ce0c                memalign
 .text.realloc  0x0000000042c1cf1c      0x408 common/built-in.o
                0x0000000042c1cf1c                realloc
 .text.on_loadaddr
                0x0000000042c1d324       0x38 common/built-in.o
 .text.image_check_hcrc
                0x0000000042c1d35c       0x4c common/built-in.o
                0x0000000042c1d35c                image_check_hcrc
 .text.image_check_dcrc
                0x0000000042c1d3a8       0x38 common/built-in.o
                0x0000000042c1d3a8                image_check_dcrc
 .text.image_multi_count
                0x0000000042c1d3e0       0x24 common/built-in.o
                0x0000000042c1d3e0                image_multi_count
 .text.image_multi_getimg
                0x0000000042c1d404       0x7c common/built-in.o
                0x0000000042c1d404                image_multi_getimg
 .text.getenv_bootm_low
                0x0000000042c1d480       0x30 common/built-in.o
                0x0000000042c1d480                getenv_bootm_low
 .text.getenv_bootm_size
                0x0000000042c1d4b0       0x5c common/built-in.o
                0x0000000042c1d4b0                getenv_bootm_size
 .text.memmove_wd
                0x0000000042c1d50c        0xc common/built-in.o
                0x0000000042c1d50c                memmove_wd
 .text.genimg_print_size
                0x0000000042c1d518       0x30 common/built-in.o
                0x0000000042c1d518                genimg_print_size
 .text.get_table_entry_name
                0x0000000042c1d548       0x2c common/built-in.o
                0x0000000042c1d548                get_table_entry_name
 .text.genimg_get_os_name
                0x0000000042c1d574       0x18 common/built-in.o
                0x0000000042c1d574                genimg_get_os_name
 .text.genimg_get_arch_name
                0x0000000042c1d58c       0x18 common/built-in.o
                0x0000000042c1d58c                genimg_get_arch_name
 .text.genimg_get_type_name
                0x0000000042c1d5a4       0x18 common/built-in.o
                0x0000000042c1d5a4                genimg_get_type_name
 .text.genimg_get_comp_name
                0x0000000042c1d5bc       0x18 common/built-in.o
                0x0000000042c1d5bc                genimg_get_comp_name
 .text.image_print_contents
                0x0000000042c1d5d4      0x170 common/built-in.o